
> qr-menu-system@0.1.0 test
> jest

node.exe : PASS src/__tests__/unit/ux-demo-sample-client.test.tsx
At line:1 char:1
+ & "C:\Program Files\nodejs/node.exe" "C:\Program Files\nodejs/node_mo ...
+ ~~~~~~~~~~~~~~~~~~~~~~~~~~~~~~~~~~~~~~~~~~~~~~~~~~~~~~~~~~~~~~~~~~~~~
    + CategoryInfo          : NotSpecified: (PASS src/__test...client.test.tsx:String) [], RemoteException
    + FullyQualifiedErrorId : NativeCommandError
 
  ΓùÅ Console

    console.error
      Error creating demo menu: Error: Failed to create demo menu
          at handleMenuSelect (C:\Users\Leon 
Clements\OneDrive\Kiro\src\app\(marketing)\demo\sample\demo-sample-client.tsx:145:15)

      172 |       
      173 |     } catch (error) {
    > 174 |       console.error('Error creating demo menu:', error)
          |               ^
      175 |       showToast({
      176 |         type: 'error',
      177 |         title: 'Demo menu could not be created',

      at error (C:\Users\Leon 
Clements\OneDrive\Kiro\src\app\(marketing)../../../../demo/sample/demo-sample-client.tsx:174:15)

PASS src/components/__tests__/UncertainItemsPanel.test.tsx
PASS src/components/__tests__/CategoryTree.test.tsx
PASS src/lib/templates/export/__tests__/image-exporter.test.ts
  ΓùÅ Console

    console.log
      [HTMLExporter] Generated HTML in 0ms (11652 bytes)

      at log (src/lib/templates/export/html-exporter.ts:114:11)

    console.log
      [ImageExporter] Generated PNG in 51ms (11241 bytes, 1200x1600px)

      at log (src/lib/templates/export/image-exporter.ts:167:11)

    console.log
      [HTMLExporter] Generated HTML in 0ms (11652 bytes)

      at log (src/lib/templates/export/html-exporter.ts:114:11)

    console.log
      [ImageExporter] Generated PNG in 35ms (11241 bytes, 1200x1600px)

      at log (src/lib/templates/export/image-exporter.ts:167:11)

    console.log
      [HTMLExporter] Generated HTML in 0ms (11652 bytes)

      at log (src/lib/templates/export/html-exporter.ts:114:11)

    console.log
      [ImageExporter] Generated PNG in 25ms (11241 bytes, 1200x1600px)

      at log (src/lib/templates/export/image-exporter.ts:167:11)

    console.log
      [HTMLExporter] Generated HTML in 0ms (11650 bytes)

      at log (src/lib/templates/export/html-exporter.ts:114:11)

    console.log
      [ImageExporter] Generated PNG in 15ms (6401 bytes, 800x1200px)

      at log (src/lib/templates/export/image-exporter.ts:167:11)

    console.log
      [HTMLExporter] Generated HTML in 0ms (11652 bytes)

      at log (src/lib/templates/export/html-exporter.ts:114:11)

    console.log
      [ImageExporter] Generated PNG in 23ms (11241 bytes, 1200x1600px)

      at log (src/lib/templates/export/image-exporter.ts:167:11)

    console.log
      [HTMLExporter] Generated HTML in 0ms (11652 bytes)

      at log (src/lib/templates/export/html-exporter.ts:114:11)

    console.log
      [ImageExporter] Generated JPG in 21ms (11520 bytes, 1200x1600px)

      at log (src/lib/templates/export/image-exporter.ts:167:11)

    console.log
      [HTMLExporter] Generated HTML in 0ms (11652 bytes)

      at log (src/lib/templates/export/html-exporter.ts:114:11)

    console.log
      [ImageExporter] Generated JPG in 22ms (11520 bytes, 1200x1600px)

      at log (src/lib/templates/export/image-exporter.ts:167:11)

    console.log
      [HTMLExporter] Generated HTML in 0ms (11652 bytes)

      at log (src/lib/templates/export/html-exporter.ts:114:11)

    console.log
      [ImageExporter] Generated JPG in 20ms (11519 bytes, 1200x1600px)

      at log (src/lib/templates/export/image-exporter.ts:167:11)

    console.log
      [HTMLExporter] Generated HTML in 0ms (11652 bytes)

      at log (src/lib/templates/export/html-exporter.ts:114:11)

    console.log
      [ImageExporter] Generated PNG in 27ms (10597 bytes, 1920x1080px)

      at log (src/lib/templates/export/image-exporter.ts:167:11)

    console.log
      [HTMLExporter] Generated HTML in 0ms (11649 bytes)

      at log (src/lib/templates/export/html-exporter.ts:114:11)

    console.log
      [ImageExporter] Generated PNG in 9ms (3254 bytes, 1600x1200px)

      at log (src/lib/templates/export/image-exporter.ts:167:11)

    console.log
      [HTMLExporter] Generated HTML in 0ms (10040 bytes)

      at log (src/lib/templates/export/html-exporter.ts:114:11)

    console.log
      [ImageExporter] Generated PNG in 9ms (2204 bytes, 400x600px)

      at log (src/lib/templates/export/image-exporter.ts:167:11)

    console.log
      [HTMLExporter] Generated HTML in 0ms (11652 bytes)

      at log (src/lib/templates/export/html-exporter.ts:114:11)

    console.log
      [ImageExporter] Generated PNG in 59ms (37559 bytes, 3840x2160px)

      at log (src/lib/templates/export/image-exporter.ts:167:11)

    console.log
      [HTMLExporter] Generated HTML in 0ms (10043 bytes)

      at log (src/lib/templates/export/html-exporter.ts:114:11)

    console.log
      [ImageExporter] Generated PNG in 18ms (7127 bytes, 1080x1080px)

      at log (src/lib/templates/export/image-exporter.ts:167:11)

    console.log
      [HTMLExporter] Generated HTML in 0ms (10043 bytes)

      at log (src/lib/templates/export/html-exporter.ts:114:11)

    console.log
      [ImageExporter] Generated PNG in 17ms (8861 bytes, 1080x1350px)

      at log (src/lib/templates/export/image-exporter.ts:167:11)

    console.log
      [HTMLExporter] Generated HTML in 0ms (11651 bytes)

      at log (src/lib/templates/export/html-exporter.ts:114:11)

    console.log
      [ImageExporter] Generated PNG in 11ms (4515 bytes, 1200x630px)

      at log (src/lib/templates/export/image-exporter.ts:167:11)

    console.log
      [HTMLExporter] Generated HTML in 0ms (12421 bytes)

      at log (src/lib/templates/export/html-exporter.ts:114:11)

    console.log
      [ImageExporter] Generated PNG in 65ms (42000 bytes, 2480x3508px)

      at log (src/lib/templates/export/image-exporter.ts:167:11)

    console.log
      [HTMLExporter] Generated HTML in 0ms (11652 bytes)

      at log (src/lib/templates/export/html-exporter.ts:114:11)

    console.log
      [ImageExporter] Generated PNG in 21ms (10597 bytes, 1920x1080px)

      at log (src/lib/templates/export/image-exporter.ts:167:11)

    console.log
      [HTMLExporter] Generated HTML in 0ms (11652 bytes)

      at log (src/lib/templates/export/html-exporter.ts:114:11)

    console.log
      [ImageExporter] Generated PNG in 24ms (11241 bytes, 1200x1600px)

      at log (src/lib/templates/export/image-exporter.ts:167:11)

    console.log
      [HTMLExporter] Generated HTML in 0ms (11652 bytes)

      at log (src/lib/templates/export/html-exporter.ts:114:11)

    console.log
      [ImageExporter] Generated PNG in 24ms (11241 bytes, 1200x1600px)

      at log (src/lib/templates/export/image-exporter.ts:167:11)

    console.log
      [HTMLExporter] Generated HTML in 0ms (11652 bytes)

      at log (src/lib/templates/export/html-exporter.ts:114:11)

    console.log
      [ImageExporter] Generated PNG in 20ms (11241 bytes, 1200x1600px)

      at log (src/lib/templates/export/image-exporter.ts:167:11)

    console.log
      [HTMLExporter] Generated HTML in 0ms (11652 bytes)

      at log (src/lib/templates/export/html-exporter.ts:114:11)

    console.log
      [ImageExporter] Generated JPG in 27ms (11520 bytes, 1200x1600px)

      at log (src/lib/templates/export/image-exporter.ts:167:11)

    console.log
      [HTMLExporter] Generated HTML in 0ms (11652 bytes)

      at log (src/lib/templates/export/html-exporter.ts:114:11)

    console.log
      [ImageExporter] Generated PNG in 21ms (11241 bytes, 1200x1600px)

      at log (src/lib/templates/export/image-exporter.ts:167:11)

    console.log
      [HTMLExporter] Generated HTML in 0ms (99736 bytes)

      at log (src/lib/templates/export/html-exporter.ts:114:11)

    console.log
      [ImageExporter] Generated PNG in 26ms (11241 bytes, 1200x1600px)

      at log (src/lib/templates/export/image-exporter.ts:167:11)

    console.log
      [HTMLExporter] Generated HTML in 0ms (11652 bytes)

      at log (src/lib/templates/export/html-exporter.ts:114:11)

    console.log
      [ImageExporter] Generated PNG in 20ms (11241 bytes, 1200x1600px)

      at log (src/lib/templates/export/image-exporter.ts:167:11)

    console.log
      [HTMLExporter] Generated HTML in 0ms (11652 bytes)

      at log (src/lib/templates/export/html-exporter.ts:114:11)

    console.log
      [ImageExporter] Generated PNG in 23ms (11241 bytes, 1200x1600px)

      at log (src/lib/templates/export/image-exporter.ts:167:11)

    console.log
      [HTMLExporter] Generated HTML in 0ms (11652 bytes)

      at log (src/lib/templates/export/html-exporter.ts:114:11)

    console.log
      [ImageExporter] Generated PNG in 31ms (11241 bytes, 1200x1600px)

      at log (src/lib/templates/export/image-exporter.ts:167:11)

    console.log
      [HTMLExporter] Generated HTML in 0ms (10846 bytes)

      at log (src/lib/templates/export/html-exporter.ts:114:11)

    console.log
      [ImageExporter] Generated PNG in 28ms (11241 bytes, 1200x1600px)

      at log (src/lib/templates/export/image-exporter.ts:167:11)

    console.log
      [HTMLExporter] Generated HTML in 0ms (10064 bytes)

      at log (src/lib/templates/export/html-exporter.ts:114:11)

    console.log
      [ImageExporter] Generated PNG in 27ms (11241 bytes, 1200x1600px)

      at log (src/lib/templates/export/image-exporter.ts:167:11)

    console.log
      [HTMLExporter] Generated HTML in 0ms (10043 bytes)

      at log (src/lib/templates/export/html-exporter.ts:114:11)

    console.log
      [ImageExporter] Generated PNG in 27ms (11241 bytes, 1200x1600px)

      at log (src/lib/templates/export/image-exporter.ts:167:11)

    console.log
      [HTMLExporter] Generated HTML in 0ms (10844 bytes)

      at log (src/lib/templates/export/html-exporter.ts:114:11)

    console.log
      [ImageExporter] Generated PNG in 32ms (11241 bytes, 1200x1600px)

      at log (src/lib/templates/export/image-exporter.ts:167:11)

    console.log
      [HTMLExporter] Generated HTML in 0ms (11652 bytes)

      at log (src/lib/templates/export/html-exporter.ts:114:11)

    console.log
      [ImageExporter] Generated PNG in 28ms (11241 bytes, 1200x1600px)

      at log (src/lib/templates/export/image-exporter.ts:167:11)

    console.log
      [HTMLExporter] Generated HTML in 0ms (12421 bytes)

      at log (src/lib/templates/export/html-exporter.ts:114:11)

    console.log
      [ImageExporter] Generated PNG in 27ms (11241 bytes, 1200x1600px)

      at log (src/lib/templates/export/image-exporter.ts:167:11)

PASS src/__tests__/unit/ux-extracted-client.test.tsx
  ΓùÅ Console

    console.log
      [Extracted Page Debug] {
        isDemo: true,
        hasAuthMenu: false,
        hasAuthResult: false,
        authMenuItems: 0,
        authMenuHasCategories: false,
        categories: 2,
        totalItems: 2,
        itemsByCategory: [
          { category: 'Starters', itemCount: 1 },
          { category: 'Mains', itemCount: 1 }
        ],
        authMenuItemsWithCategories: []
      }

      at log (src/app/menus/[menuId]/extracted/extracted-client.tsx:982:11)

    console.log
      [Extracted Page Debug] {
        isDemo: true,
        hasAuthMenu: false,
        hasAuthResult: false,
        authMenuItems: 0,
        authMenuHasCategories: false,
        categories: 1,
        totalItems: 1,
        itemsByCategory: [ { category: 'Starters', itemCount: 1 } ],
        authMenuItemsWithCategories: []
      }

      at log (src/app/menus/[menuId]/extracted/extracted-client.tsx:982:11)

    console.log
      [Extracted Page Debug] {
        isDemo: true,
        hasAuthMenu: false,
        hasAuthResult: false,
        authMenuItems: 0,
        authMenuHasCategories: false,
        categories: 1,
        totalItems: 1,
        itemsByCategory: [ { category: 'Starters', itemCount: 1 } ],
        authMenuItemsWithCategories: []
      }

      at log (src/app/menus/[menuId]/extracted/extracted-client.tsx:982:11)

    console.log
      [Extracted Page] Loaded menu from database: {
        menuId: undefined,
        itemsCount: 0,
        hasExtractionMetadata: false,
        items: undefined
      }

      at log (src/app/menus/[menuId]/extracted/extracted-client.tsx:156:21)

    console.log
      [Extracted Page] Applied extraction to menu: { menuId: undefined, itemsCount: 0, items: undefined }

      at log (src/app/menus/[menuId]/extracted/extracted-client.tsx:230:29)

    console.log
      [Extracted Page Debug] {
        isDemo: false,
        hasAuthMenu: true,
        hasAuthResult: true,
        authMenuItems: 0,
        authMenuHasCategories: false,
        categories: 1,
        totalItems: 1,
        itemsByCategory: [ { category: 'Starters', itemCount: 1 } ],
        authMenuItemsWithCategories: []
      }

      at log (src/app/menus/[menuId]/extracted/extracted-client.tsx:982:11)

    console.log
      [Extracted Page] Loaded menu from database: {
        menuId: 'menu-1',
        itemsCount: 1,
        hasExtractionMetadata: false,
        items: [
          {
            id: '1',
            name: 'Soup',
            price: 5,
            description: 'Tomato',
            category: 'Starters'
          }
        ]
      }

      at log (src/app/menus/[menuId]/extracted/extracted-client.tsx:156:21)

    console.log
      [Extracted Page] Menu has existing data, using it

      at log (src/app/menus/[menuId]/extracted/extracted-client.tsx:165:23)

    console.log
      [Extracted Page Debug] {
        isDemo: false,
        hasAuthMenu: true,
        hasAuthResult: false,
        authMenuItems: 1,
        authMenuHasCategories: false,
        categories: 1,
        totalItems: 1,
        itemsByCategory: [ { category: 'Starters', itemCount: 1 } ],
        authMenuItemsWithCategories: [ { id: '1', name: 'Soup', category: 'Starters' } ]
      }

      at log (src/app/menus/[menuId]/extracted/extracted-client.tsx:982:11)

    console.error
      Warning: An update to UXMenuExtractedClient inside a test was not wrapped in act(...).
      
      When testing, code that causes React state updates should be wrapped into act(...):
      
      act(() => {
        /* fire events that update state */
      });
      /* assert on the output */
      
      This ensures that you're testing the behavior the user would see in the browser. Learn more at 
https://reactjs.org/link/wrap-tests-with-act
          at menuId (C:\Users\Leon Clements\OneDrive\Kiro\src\app\menus\[menuId]\extracted\extracted-client.tsx:34:49)

      1245 |                             variant="warning"
      1246 |                             size="md"
    > 1247 |                             onClick={() => setShowLogoUpload(true)}
           |                                            ^
      1248 |                             disabled={loading}
      1249 |                           >
      1250 |                             <ImageUp className="hidden sm:inline-block h-4 w-4 mr-2" />

      at printWarning (node_modules/react-dom/cjs/react-dom.development.js:86:30)
      at error (node_modules/react-dom/cjs/react-dom.development.js:60:7)
      at warnIfUpdatesNotWrappedWithActDEV (node_modules/react-dom/cjs/react-dom.development.js:27628:9)
      at scheduleUpdateOnFiber (node_modules/react-dom/cjs/react-dom.development.js:25547:5)
      at dispatchSetState (node_modules/react-dom/cjs/react-dom.development.js:16708:7)
      at setShowLogoUpload (src/app/menus/[menuId]/extracted/extracted-client.tsx:1247:44)
      at HTMLUnknownElement.callCallback (node_modules/react-dom/cjs/react-dom.development.js:4164:14)
      at HTMLUnknownElement.callTheUserObjectsOperation 
(node_modules/jsdom/lib/jsdom/living/generated/EventListener.js:26:30)
      at innerInvokeEventListeners (node_modules/jsdom/lib/jsdom/living/events/EventTarget-impl.js:350:25)
      at invokeEventListeners (node_modules/jsdom/lib/jsdom/living/events/EventTarget-impl.js:286:3)
      at HTMLUnknownElementImpl._dispatch (node_modules/jsdom/lib/jsdom/living/events/EventTarget-impl.js:233:9)
      at HTMLUnknownElementImpl.dispatchEvent (node_modules/jsdom/lib/jsdom/living/events/EventTarget-impl.js:104:17)
      at HTMLUnknownElement.dispatchEvent (node_modules/jsdom/lib/jsdom/living/generated/EventTarget.js:241:34)
      at Object.invokeGuardedCallbackDev (node_modules/react-dom/cjs/react-dom.development.js:4213:16)
      at invokeGuardedCallback (node_modules/react-dom/cjs/react-dom.development.js:4277:31)
      at invokeGuardedCallbackAndCatchFirstError (node_modules/react-dom/cjs/react-dom.development.js:4291:25)
      at executeDispatch (node_modules/react-dom/cjs/react-dom.development.js:9041:3)
      at processDispatchQueueItemsInOrder (node_modules/react-dom/cjs/react-dom.development.js:9073:7)
      at processDispatchQueue (node_modules/react-dom/cjs/react-dom.development.js:9086:5)
      at dispatchEventsForPlugins (node_modules/react-dom/cjs/react-dom.development.js:9097:3)
      at node_modules/react-dom/cjs/react-dom.development.js:9288:12
      at batchedUpdates$1 (node_modules/react-dom/cjs/react-dom.development.js:26179:12)
      at batchedUpdates (node_modules/react-dom/cjs/react-dom.development.js:3991:12)
      at dispatchEventForPluginEventSystem (node_modules/react-dom/cjs/react-dom.development.js:9287:3)
      at dispatchEventWithEnableCapturePhaseSelectiveHydrationWithoutDiscreteEventReplay 
(node_modules/react-dom/cjs/react-dom.development.js:6465:5)
      at dispatchEvent (node_modules/react-dom/cjs/react-dom.development.js:6457:5)
      at dispatchDiscreteEvent (node_modules/react-dom/cjs/react-dom.development.js:6430:5)
      at HTMLDivElement.callTheUserObjectsOperation 
(node_modules/jsdom/lib/jsdom/living/generated/EventListener.js:26:30)
      at innerInvokeEventListeners (node_modules/jsdom/lib/jsdom/living/events/EventTarget-impl.js:350:25)
      at invokeEventListeners (node_modules/jsdom/lib/jsdom/living/events/EventTarget-impl.js:286:3)
      at HTMLButtonElementImpl._dispatch (node_modules/jsdom/lib/jsdom/living/events/EventTarget-impl.js:233:9)
      at fireAnEvent (node_modules/jsdom/lib/jsdom/living/helpers/events.js:18:36)
      at HTMLButtonElementImpl.click (node_modules/jsdom/lib/jsdom/living/nodes/HTMLElement-impl.js:79:5)
      at HTMLButtonElement.click (node_modules/jsdom/lib/jsdom/living/generated/HTMLElement.js:108:34)
      at Object.click (src/__tests__/unit/ux-extracted-client.test.tsx:175:22)

    console.log
      [Extracted Page Debug] {
        isDemo: false,
        hasAuthMenu: true,
        hasAuthResult: false,
        authMenuItems: 1,
        authMenuHasCategories: false,
        categories: 1,
        totalItems: 1,
        itemsByCategory: [ { category: 'Starters', itemCount: 1 } ],
        authMenuItemsWithCategories: [ { id: '1', name: 'Soup', category: 'Starters' } ]
      }

      at log (src/app/menus/[menuId]/extracted/extracted-client.tsx:982:11)

    console.log
      [Extracted Page] Loaded menu from database: {
        menuId: 'menu-logo',
        itemsCount: 1,
        hasExtractionMetadata: false,
        items: [ { id: '1', name: 'Soup', price: 5, category: 'Starters' } ]
      }

      at log (src/app/menus/[menuId]/extracted/extracted-client.tsx:156:21)

    console.log
      [Extracted Page] Menu has existing data, using it

      at log (src/app/menus/[menuId]/extracted/extracted-client.tsx:165:23)

    console.log
      [Extracted Page Debug] {
        isDemo: false,
        hasAuthMenu: true,
        hasAuthResult: false,
        authMenuItems: 1,
        authMenuHasCategories: false,
        categories: 1,
        totalItems: 1,
        itemsByCategory: [ { category: 'Starters', itemCount: 1 } ],
        authMenuItemsWithCategories: [ { id: '1', name: 'Soup', category: 'Starters' } ]
      }

      at log (src/app/menus/[menuId]/extracted/extracted-client.tsx:982:11)

    console.log
      [Extracted Page Debug] {
        isDemo: false,
        hasAuthMenu: true,
        hasAuthResult: false,
        authMenuItems: 1,
        authMenuHasCategories: false,
        categories: 1,
        totalItems: 1,
        itemsByCategory: [ { category: 'Starters', itemCount: 1 } ],
        authMenuItemsWithCategories: [ { id: '1', name: 'Soup', category: 'Starters' } ]
      }

      at log (src/app/menus/[menuId]/extracted/extracted-client.tsx:982:11)

PASS src/lib/templates/export/__tests__/pdf-exporter.test.ts
  ΓùÅ Console

    console.log
      [PDFExporter] Generated PDF in 45ms (844 bytes)

      at log (src/lib/templates/export/pdf-exporter.ts:144:13)

    console.log
      [PDFExporter] Generated PDF in 5ms (844 bytes)

      at log (src/lib/templates/export/pdf-exporter.ts:144:13)

    console.log
      [PDFExporter] Generated PDF in 11ms (844 bytes)

      at log (src/lib/templates/export/pdf-exporter.ts:144:13)

    console.log
      [PDFExporter] Generated PDF in 4ms (844 bytes)

      at log (src/lib/templates/export/pdf-exporter.ts:144:13)

    console.log
      [PDFExporter] Generated PDF in 4ms (844 bytes)

      at log (src/lib/templates/export/pdf-exporter.ts:144:13)

    console.log
      [PDFExporter] Generated PDF in 3ms (843 bytes)

      at log (src/lib/templates/export/pdf-exporter.ts:144:13)

    console.log
      [PDFExporter] Generated PDF in 9ms (1240 bytes)

      at log (src/lib/templates/export/pdf-exporter.ts:144:13)

    console.log
      [PDFExporter] Generated PDF in 4ms (844 bytes)

      at log (src/lib/templates/export/pdf-exporter.ts:144:13)

    console.log
      [PDFExporter] Generated PDF in 3ms (844 bytes)

      at log (src/lib/templates/export/pdf-exporter.ts:144:13)

    console.log
      [PDFExporter] Generated PDF in 8ms (844 bytes)

      at log (src/lib/templates/export/pdf-exporter.ts:144:13)

    console.log
      [PDFExporter] Generated PDF in 5ms (844 bytes)

      at log (src/lib/templates/export/pdf-exporter.ts:144:13)

    console.log
      [PDFExporter] Generated PDF in 2ms (844 bytes)

      at log (src/lib/templates/export/pdf-exporter.ts:144:13)

    console.log
      [PDFExporter] Generated PDF in 10ms (844 bytes)

      at log (src/lib/templates/export/pdf-exporter.ts:144:13)

    console.log
      [PDFExporter] Generated PDF in 1ms (844 bytes)

      at log (src/lib/templates/export/pdf-exporter.ts:144:13)

    console.log
      [PDFExporter] Generated PDF in 1ms (844 bytes)

      at log (src/lib/templates/export/pdf-exporter.ts:144:13)

    console.log
      [PDFExporter] Generated PDF in 3ms (1240 bytes)

      at log (src/lib/templates/export/pdf-exporter.ts:144:13)

    console.log
      [PDFExporter] Generated PDF in 2ms (844 bytes)

      at log (src/lib/templates/export/pdf-exporter.ts:144:13)

    console.log
      [PDFExporter] Generated PDF in 1ms (844 bytes)

      at log (src/lib/templates/export/pdf-exporter.ts:144:13)

    console.log
      [PDFExporter] Generated PDF in 2ms (844 bytes)

      at log (src/lib/templates/export/pdf-exporter.ts:144:13)

    console.log
      [PDFExporter] Generated PDF in 4ms (844 bytes)

      at log (src/lib/templates/export/pdf-exporter.ts:144:13)

    console.log
      [PDFExporter] Generated PDF in 13ms (844 bytes)

      at log (src/lib/templates/export/pdf-exporter.ts:144:13)

    console.log
      [PDFExporter] Generated PDF in 2ms (844 bytes)

      at log (src/lib/templates/export/pdf-exporter.ts:144:13)

    console.log
      [PDFExporter] Generated PDF in 1ms (844 bytes)

      at log (src/lib/templates/export/pdf-exporter.ts:144:13)

    console.log
      [PDFExporter] Generated PDF in 6ms (844 bytes)

      at log (src/lib/templates/export/pdf-exporter.ts:144:13)

    console.log
      [PDFExporter] Generated PDF in 2ms (844 bytes)

      at log (src/lib/templates/export/pdf-exporter.ts:144:13)

    console.log
      [PDFExporter] Generated PDF in 4ms (844 bytes)

      at log (src/lib/templates/export/pdf-exporter.ts:144:13)

PASS src/lib/templates/v2/__tests__/invariants.test.ts
PASS src/__tests__/unit/ux-components-accessibility.test.tsx
PASS src/lib/templates/__tests__/performance.test.ts
PASS src/components/templates/__tests__/accessibility.test.tsx
  ΓùÅ Console

    console.error
      Warning: React does not recognize the `blurDataURL` prop on a DOM element. If you intentionally want it to 
appear in the DOM as a custom attribute, spell it as lowercase `blurdataurl` instead. If you accidentally passed it 
from a parent component, remove it from the DOM element.
          at img
          at fill (C:\Users\Leon 
Clements\OneDrive\Kiro\src\components\templates\__tests__\accessibility.test.tsx:36:13)
          at div
          at article
          at item (C:\Users\Leon Clements\OneDrive\Kiro\src\components\templates\MenuTile.tsx:63:3)
          at li
          at ul
          at section
          at main
          at data (C:\Users\Leon Clements\OneDrive\Kiro\src\components\templates\GridMenuLayout.tsx:57:3)

      105 |   describe('GridMenuLayout', () => {
      106 |     it('should have no accessibility violations with balanced preset', async () => {
    > 107 |       const { container } = render(
          |                                   ^
      108 |         <GridMenuLayout
      109 |           data={mockMenuData}
      110 |           preset={LAYOUT_PRESETS['balanced']}

      at printWarning (node_modules/react-dom/cjs/react-dom.development.js:86:30)
      at error (node_modules/react-dom/cjs/react-dom.development.js:60:7)
      at validateProperty$1 (node_modules/react-dom/cjs/react-dom.development.js:3757:7)
      at warnUnknownProperties (node_modules/react-dom/cjs/react-dom.development.js:3803:21)
      at validateProperties$2 (node_modules/react-dom/cjs/react-dom.development.js:3827:3)
      at validatePropertiesInDevelopment (node_modules/react-dom/cjs/react-dom.development.js:9541:5)
      at setInitialProperties (node_modules/react-dom/cjs/react-dom.development.js:9830:5)
      at finalizeInitialChildren (node_modules/react-dom/cjs/react-dom.development.js:10950:3)
      at completeWork (node_modules/react-dom/cjs/react-dom.development.js:22232:17)
      at completeUnitOfWork (node_modules/react-dom/cjs/react-dom.development.js:26632:16)
      at performUnitOfWork (node_modules/react-dom/cjs/react-dom.development.js:26607:5)
      at workLoopSync (node_modules/react-dom/cjs/react-dom.development.js:26505:5)
      at renderRootSync (node_modules/react-dom/cjs/react-dom.development.js:26473:7)
      at performConcurrentWorkOnRoot (node_modules/react-dom/cjs/react-dom.development.js:25777:74)
      at flushActQueue (node_modules/react/cjs/react.development.js:2667:24)
      at act (node_modules/react/cjs/react.development.js:2582:11)
      at node_modules/@testing-library/react/dist/act-compat.js:47:25
      at renderRoot (node_modules/@testing-library/react/dist/pure.js:180:26)
      at render (node_modules/@testing-library/react/dist/pure.js:271:10)
      at Object.<anonymous> (src/components/templates/__tests__/accessibility.test.tsx:107:35)

PASS src/components/templates/__tests__/GridMenuLayout.test.tsx
  ΓùÅ Console

    console.error
      Warning: React does not recognize the `blurDataURL` prop on a DOM element. If you intentionally want it to 
appear in the DOM as a custom attribute, spell it as lowercase `blurdataurl` instead. If you accidentally passed it 
from a parent component, remove it from the DOM element.
          at img
          at fill (C:\Users\Leon 
Clements\OneDrive\Kiro\src\components\templates\__tests__\GridMenuLayout.test.tsx:17:13)
          at div
          at article
          at item (C:\Users\Leon Clements\OneDrive\Kiro\src\components\templates\MenuTile.tsx:63:3)
          at li
          at ul
          at section
          at main
          at data (C:\Users\Leon Clements\OneDrive\Kiro\src\components\templates\GridMenuLayout.tsx:57:3)

      61 |   describe('Rendering', () => {
      62 |     it('should render menu title', () => {
    > 63 |       render(
         |             ^
      64 |         <GridMenuLayout
      65 |           data={mockMenuData}
      66 |           preset={LAYOUT_PRESETS['balanced']}

      at printWarning (node_modules/react-dom/cjs/react-dom.development.js:86:30)
      at error (node_modules/react-dom/cjs/react-dom.development.js:60:7)
      at validateProperty$1 (node_modules/react-dom/cjs/react-dom.development.js:3757:7)
      at warnUnknownProperties (node_modules/react-dom/cjs/react-dom.development.js:3803:21)
      at validateProperties$2 (node_modules/react-dom/cjs/react-dom.development.js:3827:3)
      at validatePropertiesInDevelopment (node_modules/react-dom/cjs/react-dom.development.js:9541:5)
      at setInitialProperties (node_modules/react-dom/cjs/react-dom.development.js:9830:5)
      at finalizeInitialChildren (node_modules/react-dom/cjs/react-dom.development.js:10950:3)
      at completeWork (node_modules/react-dom/cjs/react-dom.development.js:22232:17)
      at completeUnitOfWork (node_modules/react-dom/cjs/react-dom.development.js:26632:16)
      at performUnitOfWork (node_modules/react-dom/cjs/react-dom.development.js:26607:5)
      at workLoopSync (node_modules/react-dom/cjs/react-dom.development.js:26505:5)
      at renderRootSync (node_modules/react-dom/cjs/react-dom.development.js:26473:7)
      at performConcurrentWorkOnRoot (node_modules/react-dom/cjs/react-dom.development.js:25777:74)
      at flushActQueue (node_modules/react/cjs/react.development.js:2667:24)
      at act (node_modules/react/cjs/react.development.js:2582:11)
      at node_modules/@testing-library/react/dist/act-compat.js:47:25
      at renderRoot (node_modules/@testing-library/react/dist/pure.js:180:26)
      at render (node_modules/@testing-library/react/dist/pure.js:271:10)
      at Object.<anonymous> (src/components/templates/__tests__/GridMenuLayout.test.tsx:63:13)

PASS src/lib/extraction/__tests__/error-scenarios.test.ts
  ΓùÅ Console

    console.error
      Validation failed with errors: [
        {
          path: 'menu.categories',
          message: 'Menu must have at least one category'
        }
      ]

      339 |     
      340 |     if (!validation.valid) {
    > 341 |       console.error('Validation failed with errors:', validation.errors.map(e => ({
          |               ^
      342 |         path: e.path,
      343 |         message: e.message
      344 |       })))

      at MenuExtractionService.error [as processWithVisionLLM] (src/lib/extraction/menu-extraction-service.ts:341:15)
      at Object.<anonymous> (src/lib/extraction/__tests__/error-scenarios.test.ts:269:7)

    console.error
      Sample items from raw data: []

      346 |       // Log a few sample items that might be failing
      347 |       const sampleItems = rawData?.menu?.categories?.flatMap((cat: any) => cat.items || []).slice(0, 3)
    > 348 |       console.error('Sample items from raw data:', JSON.stringify(sampleItems, null, 2))
          |               ^
      349 |       
      350 |       // Attempt to salvage partial data
      351 |       const validator = new SchemaValidator(promptPackage?.schemaVersion || 'stage1')

      at MenuExtractionService.error [as processWithVisionLLM] (src/lib/extraction/menu-extraction-service.ts:348:15)
      at Object.<anonymous> (src/lib/extraction/__tests__/error-scenarios.test.ts:269:7)

    console.error
      Error calculating image hash: Error: Network error
          at Object.<anonymous> (C:\Users\Leon 
Clements\OneDrive\Kiro\src\lib\extraction\__tests__\error-scenarios.test.ts:465:50)
          at Promise.then.completed (C:\Users\Leon 
Clements\OneDrive\Kiro\node_modules\jest-circus\build\utils.js:298:28)
          at new Promise (<anonymous>)
          at callAsyncCircusFn (C:\Users\Leon Clements\OneDrive\Kiro\node_modules\jest-circus\build\utils.js:231:10)
          at _callCircusTest (C:\Users\Leon Clements\OneDrive\Kiro\node_modules\jest-circus\build\run.js:316:40)
          at processTicksAndRejections (node:internal/process/task_queues:105:5)
          at _runTest (C:\Users\Leon Clements\OneDrive\Kiro\node_modules\jest-circus\build\run.js:252:3)
          at _runTestsForDescribeBlock (C:\Users\Leon 
Clements\OneDrive\Kiro\node_modules\jest-circus\build\run.js:126:9)
          at _runTestsForDescribeBlock (C:\Users\Leon 
Clements\OneDrive\Kiro\node_modules\jest-circus\build\run.js:121:9)
          at _runTestsForDescribeBlock (C:\Users\Leon 
Clements\OneDrive\Kiro\node_modules\jest-circus\build\run.js:121:9)
          at run (C:\Users\Leon Clements\OneDrive\Kiro\node_modules\jest-circus\build\run.js:71:3)
          at runAndTransformResultsToJestFormat (C:\Users\Leon 
Clements\OneDrive\Kiro\node_modules\jest-circus\build\legacy-code-todo-rewrite\jestAdapterInit.js:122:21)
          at jestAdapter (C:\Users\Leon 
Clements\OneDrive\Kiro\node_modules\jest-circus\build\legacy-code-todo-rewrite\jestAdapter.js:79:19)
          at runTestInternal (C:\Users\Leon Clements\OneDrive\Kiro\node_modules\jest-runner\build\runTest.js:367:16)
          at runTest (C:\Users\Leon Clements\OneDrive\Kiro\node_modules\jest-runner\build\runTest.js:444:34)
          at Object.worker (C:\Users\Leon Clements\OneDrive\Kiro\node_modules\jest-runner\build\testWorker.js:106:12)

      446 |       return hash.digest('hex')
      447 |     } catch (error) {
    > 448 |       console.error('Error calculating image hash:', error)
          |               ^
      449 |       // Fallback to URL-based hash if image fetch fails
      450 |       const hash = createHash('sha256')
      451 |       hash.update(imageUrl)

      at MenuExtractionService.error [as calculateImageHash] (src/lib/extraction/menu-extraction-service.ts:448:15)
      at MenuExtractionService.submitExtractionJob (src/lib/extraction/menu-extraction-service.ts:133:25)
      at Object.<anonymous> (src/lib/extraction/__tests__/error-scenarios.test.ts:467:7)

    console.error
      Extraction job failed: TypeError: Cannot destructure property 'data' of '(intermediate value)' as it is 
undefined.
          at MenuExtractionService.data [as findExistingJob] (C:\Users\Leon 
Clements\OneDrive\Kiro\src\lib\extraction\menu-extraction-service.ts:463:13)
          at processTicksAndRejections (node:internal/process/task_queues:105:5)
          at MenuExtractionService.submitExtractionJob (C:\Users\Leon 
Clements\OneDrive\Kiro\src\lib\extraction\menu-extraction-service.ts:136:27)
          at Object.<anonymous> (C:\Users\Leon 
Clements\OneDrive\Kiro\src\lib\extraction\__tests__\error-scenarios.test.ts:467:7)

      216 |       return completedJob
      217 |     } catch (error) {
    > 218 |       console.error('Extraction job failed:', error)
          |               ^
      219 |       
      220 |       // Handle error and update job status
      221 |       const errorResponse = ExtractionErrorHandler.handleVisionAPIError(error)

      at MenuExtractionService.error [as submitExtractionJob] (src/lib/extraction/menu-extraction-service.ts:218:15)
      at Object.<anonymous> (src/lib/extraction/__tests__/error-scenarios.test.ts:467:7)

    console.error
      Error calculating image hash: Error: Failed to fetch image: Not Found
          at MenuExtractionService.calculateImageHash (C:\Users\Leon 
Clements\OneDrive\Kiro\src\lib\extraction\menu-extraction-service.ts:436:17)
          at MenuExtractionService.submitExtractionJob (C:\Users\Leon 
Clements\OneDrive\Kiro\src\lib\extraction\menu-extraction-service.ts:133:25)
          at Object.<anonymous> (C:\Users\Leon 
Clements\OneDrive\Kiro\src\lib\extraction\__tests__\error-scenarios.test.ts:482:7)

      446 |       return hash.digest('hex')
      447 |     } catch (error) {
    > 448 |       console.error('Error calculating image hash:', error)
          |               ^
      449 |       // Fallback to URL-based hash if image fetch fails
      450 |       const hash = createHash('sha256')
      451 |       hash.update(imageUrl)

      at MenuExtractionService.error [as calculateImageHash] (src/lib/extraction/menu-extraction-service.ts:448:15)
      at MenuExtractionService.submitExtractionJob (src/lib/extraction/menu-extraction-service.ts:133:25)
      at Object.<anonymous> (src/lib/extraction/__tests__/error-scenarios.test.ts:482:7)

    console.error
      Extraction job failed: TypeError: Cannot destructure property 'data' of '(intermediate value)' as it is 
undefined.
          at MenuExtractionService.data [as findExistingJob] (C:\Users\Leon 
Clements\OneDrive\Kiro\src\lib\extraction\menu-extraction-service.ts:463:13)
          at MenuExtractionService.submitExtractionJob (C:\Users\Leon 
Clements\OneDrive\Kiro\src\lib\extraction\menu-extraction-service.ts:136:27)
          at Object.<anonymous> (C:\Users\Leon 
Clements\OneDrive\Kiro\src\lib\extraction\__tests__\error-scenarios.test.ts:482:7)

      216 |       return completedJob
      217 |     } catch (error) {
    > 218 |       console.error('Extraction job failed:', error)
          |               ^
      219 |       
      220 |       // Handle error and update job status
      221 |       const errorResponse = ExtractionErrorHandler.handleVisionAPIError(error)

      at MenuExtractionService.error [as submitExtractionJob] (src/lib/extraction/menu-extraction-service.ts:218:15)
      at Object.<anonymous> (src/lib/extraction/__tests__/error-scenarios.test.ts:482:7)

PASS src/components/ImageVariationsManager.test.tsx
PASS src/components/templates/__tests__/MetadataOverlay.test.tsx
PASS src/__tests__/unit/ux-template-client.test.tsx
PASS src/components/templates/__tests__/MenuTile.test.tsx
  ΓùÅ Console

    console.error
      Warning: React does not recognize the `blurDataURL` prop on a DOM element. If you intentionally want it to 
appear in the DOM as a custom attribute, spell it as lowercase `blurdataurl` instead. If you accidentally passed it 
from a parent component, remove it from the DOM element.
          at img
          at fill (C:\Users\Leon Clements\OneDrive\Kiro\src\components\templates\__tests__\MenuTile.test.tsx:17:13)
          at div
          at article
          at item (C:\Users\Leon Clements\OneDrive\Kiro\src\components\templates\MenuTile.tsx:63:3)

      39 |   describe('Rendering with Image', () => {
      40 |     it('should render item name', () => {
    > 41 |       render(
         |             ^
      42 |         <MenuTile
      43 |           item={mockItemWithImage}
      44 |           preset={LAYOUT_PRESETS['balanced']}

      at printWarning (node_modules/react-dom/cjs/react-dom.development.js:86:30)
      at error (node_modules/react-dom/cjs/react-dom.development.js:60:7)
      at validateProperty$1 (node_modules/react-dom/cjs/react-dom.development.js:3757:7)
      at warnUnknownProperties (node_modules/react-dom/cjs/react-dom.development.js:3803:21)
      at validateProperties$2 (node_modules/react-dom/cjs/react-dom.development.js:3827:3)
      at validatePropertiesInDevelopment (node_modules/react-dom/cjs/react-dom.development.js:9541:5)
      at setInitialProperties (node_modules/react-dom/cjs/react-dom.development.js:9830:5)
      at finalizeInitialChildren (node_modules/react-dom/cjs/react-dom.development.js:10950:3)
      at completeWork (node_modules/react-dom/cjs/react-dom.development.js:22232:17)
      at completeUnitOfWork (node_modules/react-dom/cjs/react-dom.development.js:26632:16)
      at performUnitOfWork (node_modules/react-dom/cjs/react-dom.development.js:26607:5)
      at workLoopSync (node_modules/react-dom/cjs/react-dom.development.js:26505:5)
      at renderRootSync (node_modules/react-dom/cjs/react-dom.development.js:26473:7)
      at performConcurrentWorkOnRoot (node_modules/react-dom/cjs/react-dom.development.js:25777:74)
      at flushActQueue (node_modules/react/cjs/react.development.js:2667:24)
      at act (node_modules/react/cjs/react.development.js:2582:11)
      at node_modules/@testing-library/react/dist/act-compat.js:47:25
      at renderRoot (node_modules/@testing-library/react/dist/pure.js:180:26)
      at render (node_modules/@testing-library/react/dist/pure.js:271:10)
      at Object.<anonymous> (src/components/templates/__tests__/MenuTile.test.tsx:41:13)

PASS src/lib/templates/__tests__/rate-limiter.test.ts
  ΓùÅ Console

    console.warn
      [RateLimiter] Rate limit exceeded {
        identifier: 'user5',
        maxRequests: 2,
        windowMs: 60000,
        retryAfter: 60,
        resetTime: '2026-01-11T10:04:52.113Z',
        timestamp: '2026-01-11T10:03:52.113Z'
      }

      170 |     if (!result.allowed) {
      171 |       // Log rate limit violation
    > 172 |       console.warn('[RateLimiter] Rate limit exceeded', {
          |               ^
      173 |         identifier,
      174 |         maxRequests: this.config.maxRequests,
      175 |         windowMs: this.config.windowMs,

      at RateLimiter.warn [as consume] (src/lib/templates/rate-limiter.ts:172:15)
      at consume (src/lib/templates/__tests__/rate-limiter.test.ts:110:28)
      at Object.<anonymous> (node_modules/expect/build/toThrowMatchers.js:74:11)
      at Object.throwingMatcher [as toThrow] (node_modules/expect/build/index.js:320:21)
      at Object.toThrow (src/lib/templates/__tests__/rate-limiter.test.ts:110:46)

    console.warn
      [RateLimiter] Rate limit exceeded {
        identifier: 'user5',
        maxRequests: 2,
        windowMs: 60000,
        retryAfter: 60,
        resetTime: '2026-01-11T10:04:52.113Z',
        timestamp: '2026-01-11T10:03:52.148Z'
      }

      170 |     if (!result.allowed) {
      171 |       // Log rate limit violation
    > 172 |       console.warn('[RateLimiter] Rate limit exceeded', {
          |               ^
      173 |         identifier,
      174 |         maxRequests: this.config.maxRequests,
      175 |         windowMs: this.config.windowMs,

      at RateLimiter.warn [as consume] (src/lib/templates/rate-limiter.ts:172:15)
      at consume (src/lib/templates/__tests__/rate-limiter.test.ts:111:28)
      at Object.<anonymous> (node_modules/expect/build/toThrowMatchers.js:74:11)
      at Object.throwingMatcher [as toThrow] (node_modules/expect/build/index.js:320:21)
      at Object.toThrow (src/lib/templates/__tests__/rate-limiter.test.ts:111:46)

    console.warn
      [RateLimiter] Rate limit exceeded {
        identifier: 'user6',
        maxRequests: 1,
        windowMs: 60000,
        retryAfter: 60,
        resetTime: '2026-01-11T10:04:52.150Z',
        timestamp: '2026-01-11T10:03:52.150Z'
      }

      170 |     if (!result.allowed) {
      171 |       // Log rate limit violation
    > 172 |       console.warn('[RateLimiter] Rate limit exceeded', {
          |               ^
      173 |         identifier,
      174 |         maxRequests: this.config.maxRequests,
      175 |         windowMs: this.config.windowMs,

      at RateLimiter.warn [as consume] (src/lib/templates/rate-limiter.ts:172:15)
      at Object.consume (src/lib/templates/__tests__/rate-limiter.test.ts:123:17)

    console.warn
      [RateLimiter] Rate limit exceeded {
        identifier: 'user9',
        retryAfter: 60,
        resetTime: '2026-01-11T10:04:52.159Z',
        timestamp: '2026-01-11T10:03:52.160Z'
      }

      301 |   // Log rate limit violation
      302 |   if (!result.allowed) {
    > 303 |     console.warn('[RateLimiter] Rate limit exceeded', {
          |             ^
      304 |       identifier,
      305 |       retryAfter: result.retryAfter,
      306 |       resetTime: new Date(result.resetTime).toISOString(),

      at warn (src/lib/templates/rate-limiter.ts:303:13)
      at Object.<anonymous> (src/lib/templates/__tests__/rate-limiter.test.ts:279:38)

PASS src/__tests__/integration/external-apis.test.ts
PASS src/__tests__/unit/ux-auth-signup-client.test.tsx
PASS src/components/templates/__tests__/TextOnlyLayout.test.tsx
PASS src/__tests__/load/concurrent-users.test.ts (24.331 s)
PASS src/__tests__/unit/ux-analytics-provider.test.tsx (23.54 s)
PASS src/__tests__/integration/quota-usage-dashboard.test.tsx (24.89 s)
PASS src/components/UpgradePrompt.test.tsx (26.4 s)
PASS src/__tests__/unit/menus-upload-client.test.tsx (27.358 s)
PASS src/__tests__/unit/seo-jsonld.test.tsx
PASS src/lib/__tests__/image-processing.test.ts
  ΓùÅ Console

    console.error
      Storage upload error: { message: 'Upload failed' }

      241 |
      242 |     if (error) {
    > 243 |       console.error('Storage upload error:', error);
          |               ^
      244 |       throw new Error(`Failed to upload image: ${error.message}`);
      245 |     }
      246 |

      at ImageProcessingService.error [as uploadToStorage] (src/lib/image-processing.ts:243:15)
          at async Promise.all (index 0)
      at ImageProcessingService.processGeneratedImage (src/lib/image-processing.ts:108:29)
      at Object.<anonymous> (src/lib/__tests__/image-processing.test.ts:185:7)

    console.error
      Error processing generated image: Error: Failed to upload image: Upload failed
          at ImageProcessingService.uploadToStorage (C:\Users\Leon 
Clements\OneDrive\Kiro\src\lib\image-processing.ts:244:13)
          at processTicksAndRejections (node:internal/process/task_queues:105:5)
          at async Promise.all (index 0)
          at ImageProcessingService.processGeneratedImage (C:\Users\Leon 
Clements\OneDrive\Kiro\src\lib\image-processing.ts:108:29)
          at Object.<anonymous> (C:\Users\Leon Clements\OneDrive\Kiro\src\lib\__tests__\image-processing.test.ts:185:7)

      127 |       return processedImage;
      128 |     } catch (error) {
    > 129 |       console.error('Error processing generated image:', error);
          |               ^
      130 |       throw new Error(`Image processing failed: ${error instanceof Error ? error.message : 'Unknown 
error'}`);
      131 |     }
      132 |   }

      at ImageProcessingService.error [as processGeneratedImage] (src/lib/image-processing.ts:129:15)
      at Object.<anonymous> (src/lib/__tests__/image-processing.test.ts:185:7)

    console.log
      Successfully deleted 3 files for image test-image-123

      at ImageProcessingService.log [as deleteImage] (src/lib/image-processing.ts:286:15)

    console.warn
      No files found for image ID: non-existent-image

      269 |
      270 |       if (!files || files.length === 0) {
    > 271 |         console.warn(`No files found for image ID: ${imageId}`);
          |                 ^
      272 |         return;
      273 |       }
      274 |

      at ImageProcessingService.warn [as deleteImage] (src/lib/image-processing.ts:271:17)
      at Object.<anonymous> (src/lib/__tests__/image-processing.test.ts:253:7)

    console.error
      Error listing files for deletion: { message: 'List failed' }

      264 |
      265 |       if (listError) {
    > 266 |         console.error('Error listing files for deletion:', listError);
          |                 ^
      267 |         throw new Error(`Failed to list files: ${listError.message}`);
      268 |       }
      269 |

      at ImageProcessingService.error [as deleteImage] (src/lib/image-processing.ts:266:17)
      at Object.<anonymous> (src/lib/__tests__/image-processing.test.ts:268:7)

    console.error
      Error in deleteImage: Error: Failed to list files: List failed
          at ImageProcessingService.deleteImage (C:\Users\Leon 
Clements\OneDrive\Kiro\src\lib\image-processing.ts:267:15)
          at processTicksAndRejections (node:internal/process/task_queues:105:5)
          at Object.<anonymous> (C:\Users\Leon Clements\OneDrive\Kiro\src\lib\__tests__\image-processing.test.ts:268:7)

      286 |       console.log(`Successfully deleted ${filePaths.length} files for image ${imageId}`);
      287 |     } catch (error) {
    > 288 |       console.error('Error in deleteImage:', error);
          |               ^
      289 |       throw error;
      290 |     }
      291 |   }

      at ImageProcessingService.error [as deleteImage] (src/lib/image-processing.ts:288:15)
      at Object.<anonymous> (src/lib/__tests__/image-processing.test.ts:268:7)

    console.warn
      No metadata found for image: https://example.com/storage/ai-generated-images/user-123/image-456/original.jpg

      348 |
      349 |       if (error || !data) {
    > 350 |         console.warn('No metadata found for image:', imageUrl);
          |                 ^
      351 |         return null;
      352 |       }
      353 |

      at ImageProcessingService.warn [as getImageMetadata] (src/lib/image-processing.ts:350:17)
      at Object.<anonymous> (src/lib/__tests__/image-processing.test.ts:308:22)

    console.error
      Error storing image metadata: { message: 'Database error' }

      392 |
      393 |       if (error) {
    > 394 |         console.error('Error storing image metadata:', error);
          |                 ^
      395 |         throw new Error(`Failed to store metadata: ${error.message}`);
      396 |       }
      397 |     } catch (error) {

      at ImageProcessingService.error [as storeImageMetadata] (src/lib/image-processing.ts:394:17)
      at Object.<anonymous> (src/lib/__tests__/image-processing.test.ts:385:7)

    console.error
      Error in storeImageMetadata: Error: Failed to store metadata: Database error
          at ImageProcessingService.storeImageMetadata (C:\Users\Leon 
Clements\OneDrive\Kiro\src\lib\image-processing.ts:395:15)
          at processTicksAndRejections (node:internal/process/task_queues:105:5)
          at Object.<anonymous> (C:\Users\Leon Clements\OneDrive\Kiro\src\lib\__tests__\image-processing.test.ts:385:7)

      396 |       }
      397 |     } catch (error) {
    > 398 |       console.error('Error in storeImageMetadata:', error);
          |               ^
      399 |       throw error;
      400 |     }
      401 |   }

      at ImageProcessingService.error [as storeImageMetadata] (src/lib/image-processing.ts:398:15)
      at Object.<anonymous> (src/lib/__tests__/image-processing.test.ts:385:7)

PASS src/app/api/extraction/__tests__/submit.test.ts (7.309 s)
  ΓùÅ Console

    console.error
      OPENAI_API_KEY not configured

      163 |     const openaiApiKey = process.env.OPENAI_API_KEY
      164 |     if (!openaiApiKey) {
    > 165 |       console.error('OPENAI_API_KEY not configured')
          |               ^
      166 |       return NextResponse.json(
      167 |         { error: 'Extraction service not configured' },
      168 |         { status: 500 }

      at error (src/app/api/extraction/submit/route.ts:165:15)
      at Object.<anonymous> (src/app/api/extraction/__tests__/submit.test.ts:448:24)

    console.error
      Error submitting extraction job: Error: Extraction failed
          at Object.<anonymous> (C:\Users\Leon 
Clements\OneDrive\Kiro\src\app\api\extraction\__tests__\submit.test.ts:457:9)
          at Promise.then.completed (C:\Users\Leon 
Clements\OneDrive\Kiro\node_modules\jest-circus\build\utils.js:298:28)
          at new Promise (<anonymous>)
          at callAsyncCircusFn (C:\Users\Leon Clements\OneDrive\Kiro\node_modules\jest-circus\build\utils.js:231:10)
          at _callCircusTest (C:\Users\Leon Clements\OneDrive\Kiro\node_modules\jest-circus\build\run.js:316:40)
          at processTicksAndRejections (node:internal/process/task_queues:105:5)
          at _runTest (C:\Users\Leon Clements\OneDrive\Kiro\node_modules\jest-circus\build\run.js:252:3)
          at _runTestsForDescribeBlock (C:\Users\Leon 
Clements\OneDrive\Kiro\node_modules\jest-circus\build\run.js:126:9)
          at _runTestsForDescribeBlock (C:\Users\Leon 
Clements\OneDrive\Kiro\node_modules\jest-circus\build\run.js:121:9)
          at _runTestsForDescribeBlock (C:\Users\Leon 
Clements\OneDrive\Kiro\node_modules\jest-circus\build\run.js:121:9)
          at run (C:\Users\Leon Clements\OneDrive\Kiro\node_modules\jest-circus\build\run.js:71:3)
          at runAndTransformResultsToJestFormat (C:\Users\Leon 
Clements\OneDrive\Kiro\node_modules\jest-circus\build\legacy-code-todo-rewrite\jestAdapterInit.js:122:21)
          at jestAdapter (C:\Users\Leon 
Clements\OneDrive\Kiro\node_modules\jest-circus\build\legacy-code-todo-rewrite\jestAdapter.js:79:19)
          at runTestInternal (C:\Users\Leon Clements\OneDrive\Kiro\node_modules\jest-runner\build\runTest.js:367:16)
          at runTest (C:\Users\Leon Clements\OneDrive\Kiro\node_modules\jest-runner\build\runTest.js:444:34)
          at Object.worker (C:\Users\Leon Clements\OneDrive\Kiro\node_modules\jest-runner\build\testWorker.js:106:12)

      201 |
      202 |   } catch (error) {
    > 203 |     console.error('Error submitting extraction job:', error)
          |             ^
      204 |     
      205 |     // Check if it's an OpenAI quota error
      206 |     if (error instanceof Error && error.message.includes('quota')) {

      at error (src/app/api/extraction/submit/route.ts:203:13)
      at Object.<anonymous> (src/app/api/extraction/__tests__/submit.test.ts:465:24)

PASS src/components/__tests__/ModifierGroupEditor.test.tsx
PASS src/__tests__/integration/extraction-flow.test.ts
  ΓùÅ Console

    console.log
      Returning cached result for image hash: 593674d2b62d017d07b41a24b6bfa9d7e17f3829159a68c7e3d1b2b02437c7cd

      at MenuExtractionService.log [as submitExtractionJob] (src/lib/extraction/menu-extraction-service.ts:143:19)

    console.log
      Cached result has 0 categories

      at MenuExtractionService.log [as submitExtractionJob] (src/lib/extraction/menu-extraction-service.ts:144:19)

PASS src/__tests__/e2e/extraction-e2e.test.ts
PASS src/lib/templates/export/__tests__/html-exporter.test.ts
  ΓùÅ Console

    console.log
      [HTMLExporter] Generated HTML in 1ms (10522 bytes)

      at log (src/lib/templates/export/html-exporter.ts:114:11)

    console.log
      [HTMLExporter] Generated HTML in 0ms (10522 bytes)

      at log (src/lib/templates/export/html-exporter.ts:114:11)

    console.log
      [HTMLExporter] Generated HTML in 0ms (10522 bytes)

      at log (src/lib/templates/export/html-exporter.ts:114:11)

    console.log
      [HTMLExporter] Generated HTML in 0ms (10522 bytes)

      at log (src/lib/templates/export/html-exporter.ts:114:11)

    console.log
      [HTMLExporter] Generated HTML in 0ms (10522 bytes)

      at log (src/lib/templates/export/html-exporter.ts:114:11)

    console.log
      [HTMLExporter] Generated HTML in 0ms (10522 bytes)

      at log (src/lib/templates/export/html-exporter.ts:114:11)

    console.log
      [HTMLExporter] Generated HTML in 0ms (10522 bytes)

      at log (src/lib/templates/export/html-exporter.ts:114:11)

    console.log
      [HTMLExporter] Generated HTML in 0ms (4876 bytes)

      at log (src/lib/templates/export/html-exporter.ts:114:11)

    console.log
      [HTMLExporter] Generated HTML in 0ms (10522 bytes)

      at log (src/lib/templates/export/html-exporter.ts:114:11)

    console.log
      [HTMLExporter] Generated HTML in 0ms (10198 bytes)

      at log (src/lib/templates/export/html-exporter.ts:114:11)

    console.log
      [HTMLExporter] Generated HTML in 0ms (10522 bytes)

      at log (src/lib/templates/export/html-exporter.ts:114:11)

    console.log
      [HTMLExporter] Generated HTML in 0ms (10522 bytes)

      at log (src/lib/templates/export/html-exporter.ts:114:11)

    console.log
      [HTMLExporter] Generated HTML in 0ms (5271 bytes)

      at log (src/lib/templates/export/html-exporter.ts:114:11)

    console.log
      [HTMLExporter] Generated HTML in 0ms (10522 bytes)

      at log (src/lib/templates/export/html-exporter.ts:114:11)

    console.log
      [HTMLExporter] Generated HTML in 0ms (10522 bytes)

      at log (src/lib/templates/export/html-exporter.ts:114:11)

    console.log
      [HTMLExporter] Generated HTML in 0ms (10551 bytes)

      at log (src/lib/templates/export/html-exporter.ts:114:11)

    console.log
      [HTMLExporter] Generated HTML in 0ms (10522 bytes)

      at log (src/lib/templates/export/html-exporter.ts:114:11)

    console.log
      [HTMLExporter] Generated HTML in 0ms (10522 bytes)

      at log (src/lib/templates/export/html-exporter.ts:114:11)

    console.log
      [HTMLExporter] Generated HTML in 0ms (10522 bytes)

      at log (src/lib/templates/export/html-exporter.ts:114:11)

    console.log
      [HTMLExporter] Generated HTML in 0ms (8929 bytes)

      at log (src/lib/templates/export/html-exporter.ts:114:11)

    console.log
      [HTMLExporter] Generated HTML in 0ms (9724 bytes)

      at log (src/lib/templates/export/html-exporter.ts:114:11)

    console.log
      [HTMLExporter] Generated HTML in 0ms (10522 bytes)

      at log (src/lib/templates/export/html-exporter.ts:114:11)

    console.log
      [HTMLExporter] Generated HTML in 0ms (11366 bytes)

      at log (src/lib/templates/export/html-exporter.ts:114:11)

    console.log
      [HTMLExporter] Generated HTML in 0ms (8530 bytes)

      at log (src/lib/templates/export/html-exporter.ts:114:11)

    console.log
      [HTMLExporter] Generated HTML in 0ms (10522 bytes)

      at log (src/lib/templates/export/html-exporter.ts:114:11)

    console.log
      [HTMLExporter] Generated HTML in 0ms (97384 bytes)

      at log (src/lib/templates/export/html-exporter.ts:114:11)

    console.log
      [HTMLExporter] Generated HTML in 0ms (7809 bytes)

      at log (src/lib/templates/export/html-exporter.ts:114:11)

    console.log
      [HTMLExporter] Generated HTML in 0ms (8415 bytes)

      at log (src/lib/templates/export/html-exporter.ts:114:11)

    console.log
      [HTMLExporter] Generated HTML in 0ms (8111 bytes)

      at log (src/lib/templates/export/html-exporter.ts:114:11)

    console.log
      [HTMLExporter] Generated HTML in 0ms (8081 bytes)

      at log (src/lib/templates/export/html-exporter.ts:114:11)

    console.log
      [HTMLExporter] Generated HTML in 0ms (10522 bytes)

      at log (src/lib/templates/export/html-exporter.ts:114:11)

    console.log
      [HTMLExporter] Generated HTML in 0ms (10522 bytes)

      at log (src/lib/templates/export/html-exporter.ts:114:11)

    console.log
      [HTMLExporter] Generated HTML in 0ms (10522 bytes)

      at log (src/lib/templates/export/html-exporter.ts:114:11)

PASS src/lib/__tests__/limits.test.ts
PASS src/components/__tests__/ExtractionReview.exclude.test.tsx
  ΓùÅ Console

    console.error
      Warning: An update to ExtractionReview inside a test was not wrapped in act(...).
      
      When testing, code that causes React state updates should be wrapped into act(...):
      
      act(() => {
        /* fire events that update state */
      });
      /* assert on the output */
      
      This ensures that you're testing the behavior the user would see in the browser. Learn more at 
https://reactjs.org/link/wrap-tests-with-act
          at result (C:\Users\Leon Clements\OneDrive\Kiro\src\components\ExtractionReview.tsx:30:3)
          at children (C:\Users\Leon Clements\OneDrive\Kiro\src\components\ui\toast.tsx:24:33)

      206 |       await onSave(filtered, resolvedItems)
      207 |     } finally {
    > 208 |       setSaving(false)
          |       ^
      209 |     }
      210 |   }
      211 |

      at printWarning (node_modules/react-dom/cjs/react-dom.development.js:86:30)
      at error (node_modules/react-dom/cjs/react-dom.development.js:60:7)
      at warnIfUpdatesNotWrappedWithActDEV (node_modules/react-dom/cjs/react-dom.development.js:27628:9)
      at scheduleUpdateOnFiber (node_modules/react-dom/cjs/react-dom.development.js:25547:5)
      at dispatchSetState (node_modules/react-dom/cjs/react-dom.development.js:16708:7)
      at setSaving (src/components/ExtractionReview.tsx:208:7)

    console.error
      Warning: An update to ExtractionReview inside a test was not wrapped in act(...).
      
      When testing, code that causes React state updates should be wrapped into act(...):
      
      act(() => {
        /* fire events that update state */
      });
      /* assert on the output */
      
      This ensures that you're testing the behavior the user would see in the browser. Learn more at 
https://reactjs.org/link/wrap-tests-with-act
          at result (C:\Users\Leon Clements\OneDrive\Kiro\src\components\ExtractionReview.tsx:30:3)
          at children (C:\Users\Leon Clements\OneDrive\Kiro\src\components\ui\toast.tsx:24:33)

      206 |       await onSave(filtered, resolvedItems)
      207 |     } finally {
    > 208 |       setSaving(false)
          |       ^
      209 |     }
      210 |   }
      211 |

      at printWarning (node_modules/react-dom/cjs/react-dom.development.js:86:30)
      at error (node_modules/react-dom/cjs/react-dom.development.js:60:7)
      at warnIfUpdatesNotWrappedWithActDEV (node_modules/react-dom/cjs/react-dom.development.js:27628:9)
      at scheduleUpdateOnFiber (node_modules/react-dom/cjs/react-dom.development.js:25547:5)
      at dispatchSetState (node_modules/react-dom/cjs/react-dom.development.js:16708:7)
      at setSaving (src/components/ExtractionReview.tsx:208:7)

PASS src/app/api/extraction/__tests__/status.test.ts
  ΓùÅ Console

    console.error
      Error getting job status: Error: Database connection failed
          at Object.<anonymous> (C:\Users\Leon 
Clements\OneDrive\Kiro\src\app\api\extraction\__tests__\status.test.ts:271:9)
          at Promise.then.completed (C:\Users\Leon 
Clements\OneDrive\Kiro\node_modules\jest-circus\build\utils.js:298:28)
          at new Promise (<anonymous>)
          at callAsyncCircusFn (C:\Users\Leon Clements\OneDrive\Kiro\node_modules\jest-circus\build\utils.js:231:10)
          at _callCircusTest (C:\Users\Leon Clements\OneDrive\Kiro\node_modules\jest-circus\build\run.js:316:40)
          at processTicksAndRejections (node:internal/process/task_queues:105:5)
          at _runTest (C:\Users\Leon Clements\OneDrive\Kiro\node_modules\jest-circus\build\run.js:252:3)
          at _runTestsForDescribeBlock (C:\Users\Leon 
Clements\OneDrive\Kiro\node_modules\jest-circus\build\run.js:126:9)
          at _runTestsForDescribeBlock (C:\Users\Leon 
Clements\OneDrive\Kiro\node_modules\jest-circus\build\run.js:121:9)
          at _runTestsForDescribeBlock (C:\Users\Leon 
Clements\OneDrive\Kiro\node_modules\jest-circus\build\run.js:121:9)
          at run (C:\Users\Leon Clements\OneDrive\Kiro\node_modules\jest-circus\build\run.js:71:3)
          at runAndTransformResultsToJestFormat (C:\Users\Leon 
Clements\OneDrive\Kiro\node_modules\jest-circus\build\legacy-code-todo-rewrite\jestAdapterInit.js:122:21)
          at jestAdapter (C:\Users\Leon 
Clements\OneDrive\Kiro\node_modules\jest-circus\build\legacy-code-todo-rewrite\jestAdapter.js:79:19)
          at runTestInternal (C:\Users\Leon Clements\OneDrive\Kiro\node_modules\jest-runner\build\runTest.js:367:16)
          at runTest (C:\Users\Leon Clements\OneDrive\Kiro\node_modules\jest-runner\build\runTest.js:444:34)
          at Object.worker (C:\Users\Leon Clements\OneDrive\Kiro\node_modules\jest-runner\build\testWorker.js:106:12)

      77 |
      78 |   } catch (error) {
    > 79 |     console.error('Error getting job status:', error)
         |             ^
      80 |     
      81 |     return NextResponse.json(
      82 |       {

      at error (src/app/api/extraction/status/[jobId]/route.ts:79:13)
      at Object.<anonymous> (src/app/api/extraction/__tests__/status.test.ts:275:24)

PASS src/__tests__/edge-cases/llm-parser.test.ts
PASS src/lib/templates/v2/__tests__/streaming-pagination.test.ts
PASS src/lib/__tests__/nano-banana.test.ts
  ΓùÅ Console

    console.log
      ≡ƒÄ¿ [Nano Banana] Outbound request {
        model: 'gemini-2.5-flash-image',
        candidateCount: 1,
        aspectRatio: '1:1',
        hasReferenceImages: false,
        referenceMode: null,
        referenceImages: [],
        promptHash: 'b150838037ae944c8fcf6852f486334576d9887fb6935050b10591079b9b3384',
        promptPreview: 'Delicious grilled salmon with quinoa',
        promptLength: 36
      }

      at Object.log [as info] (src/lib/logger.ts:18:28)

    console.log
      ≡ƒöì [Nano Banana] Making request to: https://api.test.nanobanana.com/v1/generateContent?key=***

      at NanoBananaClient.log [as generateImage] (src/lib/nano-banana.ts:257:15)

    console.log
      ≡ƒöì [Nano Banana] Request body: {
        "contents": [
          {
            "role": "user",
            "parts": [
              {
                "text": "Generate an image of: Delicious grilled salmon with quinoa\nAspect ratio: 1:1\nNo people in 
the image.\nContent safety: block_some"
              }
            ]
          }
        ],
        "generationConfig": {
          "responseModalities": [
            "image"
          ],
          "candidateCount": 1
        }
      }

      at NanoBananaClient.log [as generateImage] (src/lib/nano-banana.ts:258:15)

    console.log
      ≡ƒöì [Nano Banana] API Key (first 10 chars): test-api-k...

      at NanoBananaClient.log [as generateImage] (src/lib/nano-banana.ts:259:15)

    console.log
      ≡ƒöì [Nano Banana] Base URL: https://api.test.nanobanana.com/v1/generateContent

      at NanoBananaClient.log [as generateImage] (src/lib/nano-banana.ts:260:15)

    console.log
      ≡ƒöì [Nano Banana] Processing API response: {
        candidateCount: 1,
        candidates: [ { finishReason: undefined, index: undefined } ]
      }

      at NanoBananaClient.log [as generateImage] (src/lib/nano-banana.ts:285:15)

    console.log
      ≡ƒöì [Nano Banana] Processing candidate: { finishReason: undefined, index: undefined, hasContent: true }

      at NanoBananaClient.log [as generateImage] (src/lib/nano-banana.ts:292:17)

    console.log
      ≡ƒöì [Nano Banana] Final image count: 1

      at NanoBananaClient.log [as generateImage] (src/lib/nano-banana.ts:338:15)

    console.log
      Γ£à [Nano Banana] Response received { modelVersion: 'gemini-1.0', imageCount: 1, processingTimeMs: 5000 }

      at Object.log [as info] (src/lib/logger.ts:18:28)

    console.log
      ≡ƒÄ¿ [Nano Banana] Outbound request {
        model: 'gemini-2.5-flash-image',
        candidateCount: 3,
        aspectRatio: '1:1',
        hasReferenceImages: false,
        referenceMode: null,
        referenceImages: [],
        promptHash: 'b150838037ae944c8fcf6852f486334576d9887fb6935050b10591079b9b3384',
        promptPreview: 'Delicious grilled salmon with quinoa',
        promptLength: 36
      }

      at Object.log [as info] (src/lib/logger.ts:18:28)

    console.log
      ≡ƒöì [Nano Banana] Making request to: https://api.test.nanobanana.com/v1/generateContent?key=***

      at NanoBananaClient.log [as generateImage] (src/lib/nano-banana.ts:257:15)

    console.log
      ≡ƒöì [Nano Banana] Request body: {
        "contents": [
          {
            "role": "user",
            "parts": [
              {
                "text": "Generate an image of: Delicious grilled salmon with quinoa\nAspect ratio: 1:1\nNo people in 
the image.\nContent safety: block_some"
              }
            ]
          }
        ],
        "generationConfig": {
          "responseModalities": [
            "image"
          ],
          "candidateCount": 3
        }
      }

      at NanoBananaClient.log [as generateImage] (src/lib/nano-banana.ts:258:15)

    console.log
      ≡ƒöì [Nano Banana] API Key (first 10 chars): test-api-k...

      at NanoBananaClient.log [as generateImage] (src/lib/nano-banana.ts:259:15)

    console.log
      ≡ƒöì [Nano Banana] Base URL: https://api.test.nanobanana.com/v1/generateContent

      at NanoBananaClient.log [as generateImage] (src/lib/nano-banana.ts:260:15)

    console.log
      ≡ƒöì [Nano Banana] Processing API response: {
        candidateCount: 3,
        candidates: [
          { finishReason: undefined, index: undefined },
          { finishReason: undefined, index: undefined },
          { finishReason: undefined, index: undefined }
        ]
      }

      at NanoBananaClient.log [as generateImage] (src/lib/nano-banana.ts:285:15)

    console.log
      ≡ƒöì [Nano Banana] Processing candidate: { finishReason: undefined, index: undefined, hasContent: true }

      at NanoBananaClient.log [as generateImage] (src/lib/nano-banana.ts:292:17)

    console.log
      ≡ƒöì [Nano Banana] Processing candidate: { finishReason: undefined, index: undefined, hasContent: true }

      at NanoBananaClient.log [as generateImage] (src/lib/nano-banana.ts:292:17)

    console.log
      ≡ƒöì [Nano Banana] Processing candidate: { finishReason: undefined, index: undefined, hasContent: true }

      at NanoBananaClient.log [as generateImage] (src/lib/nano-banana.ts:292:17)

    console.log
      ≡ƒöì [Nano Banana] Final image count: 3

      at NanoBananaClient.log [as generateImage] (src/lib/nano-banana.ts:338:15)

    console.log
      Γ£à [Nano Banana] Response received { modelVersion: 'gemini-1.0', imageCount: 3, processingTimeMs: 8000 }

      at Object.log [as info] (src/lib/logger.ts:18:28)

    console.log
      ≡ƒÄ¿ [Nano Banana] Outbound request {
        model: 'gemini-2.5-flash-image',
        candidateCount: 1,
        aspectRatio: '1:1',
        hasReferenceImages: false,
        referenceMode: null,
        referenceImages: [],
        promptHash: 'cb2fea287ffb357f914bffe2f58c7583bb74a60f3f96f259866c94b77a843a2d',
        promptPreview: 'test prompt',
        promptLength: 11
      }

      at Object.log [as info] (src/lib/logger.ts:18:28)

    console.log
      ≡ƒöì [Nano Banana] Making request to: https://api.test.nanobanana.com/v1/generateContent?key=***

      at NanoBananaClient.log [as generateImage] (src/lib/nano-banana.ts:257:15)

    console.log
      ≡ƒöì [Nano Banana] Request body: {
        "contents": [
          {
            "role": "user",
            "parts": [
              {
                "text": "Generate an image of: test prompt\nAspect ratio: 1:1\nNo people in the image.\nContent 
safety: block_some"
              }
            ]
          }
        ],
        "generationConfig": {
          "responseModalities": [
            "image"
          ],
          "candidateCount": 1
        }
      }

      at NanoBananaClient.log [as generateImage] (src/lib/nano-banana.ts:258:15)

    console.log
      ≡ƒöì [Nano Banana] API Key (first 10 chars): test-api-k...

      at NanoBananaClient.log [as generateImage] (src/lib/nano-banana.ts:259:15)

    console.log
      ≡ƒöì [Nano Banana] Base URL: https://api.test.nanobanana.com/v1/generateContent

      at NanoBananaClient.log [as generateImage] (src/lib/nano-banana.ts:260:15)

    console.log
      ≡ƒöì [Nano Banana] Processing API response: {
        candidateCount: 1,
        candidates: [ { finishReason: undefined, index: undefined } ]
      }

      at NanoBananaClient.log [as generateImage] (src/lib/nano-banana.ts:285:15)

    console.log
      ≡ƒöì [Nano Banana] Processing candidate: { finishReason: undefined, index: undefined, hasContent: true }

      at NanoBananaClient.log [as generateImage] (src/lib/nano-banana.ts:292:17)

    console.log
      ≡ƒöì [Nano Banana] Final image count: 1

      at NanoBananaClient.log [as generateImage] (src/lib/nano-banana.ts:338:15)

    console.log
      Γ£à [Nano Banana] Response received { modelVersion: 'gemini-1.0', imageCount: 1, processingTimeMs: 5000 }

      at Object.log [as info] (src/lib/logger.ts:18:28)

    console.log
      ≡ƒÄ¿ [Nano Banana] Outbound request {
        model: 'gemini-2.5-flash-image',
        candidateCount: 1,
        aspectRatio: '1:1',
        hasReferenceImages: false,
        referenceMode: null,
        referenceImages: [],
        promptHash: 'b150838037ae944c8fcf6852f486334576d9887fb6935050b10591079b9b3384',
        promptPreview: 'Delicious grilled salmon with quinoa',
        promptLength: 36
      }

      at Object.log [as info] (src/lib/logger.ts:18:28)

    console.log
      ≡ƒöì [Nano Banana] Making request to: https://api.test.nanobanana.com/v1/generateContent?key=***

      at NanoBananaClient.log [as generateImage] (src/lib/nano-banana.ts:257:15)

    console.log
      ≡ƒöì [Nano Banana] Request body: {
        "contents": [
          {
            "role": "user",
            "parts": [
              {
                "text": "Generate an image of: Delicious grilled salmon with quinoa\nAspect ratio: 1:1\nNo people in 
the image.\nContent safety: block_some"
              }
            ]
          }
        ],
        "generationConfig": {
          "responseModalities": [
            "image"
          ],
          "candidateCount": 1
        }
      }

      at NanoBananaClient.log [as generateImage] (src/lib/nano-banana.ts:258:15)

    console.log
      ≡ƒöì [Nano Banana] API Key (first 10 chars): test-api-k...

      at NanoBananaClient.log [as generateImage] (src/lib/nano-banana.ts:259:15)

    console.log
      ≡ƒöì [Nano Banana] Base URL: https://api.test.nanobanana.com/v1/generateContent

      at NanoBananaClient.log [as generateImage] (src/lib/nano-banana.ts:260:15)

    console.log
      ≡ƒöì [Nano Banana] HTTP Error Details: { status: 403, message: 'Forbidden', body: undefined, code: undefined }

      at NanoBananaClient.log [as handleHttpError] (src/lib/nano-banana.ts:484:13)

    console.log
      ≡ƒÄ¿ [Nano Banana] Outbound request {
        model: 'gemini-2.5-flash-image',
        candidateCount: 1,
        aspectRatio: '1:1',
        hasReferenceImages: false,
        referenceMode: null,
        referenceImages: [],
        promptHash: 'b150838037ae944c8fcf6852f486334576d9887fb6935050b10591079b9b3384',
        promptPreview: 'Delicious grilled salmon with quinoa',
        promptLength: 36
      }

      at Object.log [as info] (src/lib/logger.ts:18:28)

    console.log
      ≡ƒöì [Nano Banana] Making request to: https://api.test.nanobanana.com/v1/generateContent?key=***

      at NanoBananaClient.log [as generateImage] (src/lib/nano-banana.ts:257:15)

    console.log
      ≡ƒöì [Nano Banana] Request body: {
        "contents": [
          {
            "role": "user",
            "parts": [
              {
                "text": "Generate an image of: Delicious grilled salmon with quinoa\nAspect ratio: 1:1\nNo people in 
the image.\nContent safety: block_some"
              }
            ]
          }
        ],
        "generationConfig": {
          "responseModalities": [
            "image"
          ],
          "candidateCount": 1
        }
      }

      at NanoBananaClient.log [as generateImage] (src/lib/nano-banana.ts:258:15)

    console.log
      ≡ƒöì [Nano Banana] API Key (first 10 chars): test-api-k...

      at NanoBananaClient.log [as generateImage] (src/lib/nano-banana.ts:259:15)

    console.log
      ≡ƒöì [Nano Banana] Base URL: https://api.test.nanobanana.com/v1/generateContent

      at NanoBananaClient.log [as generateImage] (src/lib/nano-banana.ts:260:15)

    console.log
      ≡ƒöì [Nano Banana] Processing API response: { candidateCount: 0, candidates: [] }

      at NanoBananaClient.log [as generateImage] (src/lib/nano-banana.ts:285:15)

    console.log
      ≡ƒöì [Nano Banana] Final image count: 0

      at NanoBananaClient.log [as generateImage] (src/lib/nano-banana.ts:338:15)

    console.log
      ≡ƒÜ½ [Nano Banana] No images found - throwing NO_IMAGES_RETURNED

      at NanoBananaClient.log [as generateImage] (src/lib/nano-banana.ts:341:17)

    console.log
      ≡ƒÄ¿ [Nano Banana] Outbound request {
        model: 'gemini-2.5-flash-image',
        candidateCount: 1,
        aspectRatio: '1:1',
        hasReferenceImages: false,
        referenceMode: null,
        referenceImages: [],
        promptHash: 'cb2fea287ffb357f914bffe2f58c7583bb74a60f3f96f259866c94b77a843a2d',
        promptPreview: 'test prompt',
        promptLength: 11
      }

      at Object.log [as info] (src/lib/logger.ts:18:28)

    console.log
      ≡ƒöì [Nano Banana] Making request to: https://api.test.nanobanana.com/v1/generateContent?key=***

      at NanoBananaClient.log [as generateImage] (src/lib/nano-banana.ts:257:15)

    console.log
      ≡ƒöì [Nano Banana] Request body: {
        "contents": [
          {
            "role": "user",
            "parts": [
              {
                "text": "Generate an image of: test prompt\nAspect ratio: 1:1\nNo people in the image.\nContent 
safety: block_some"
              }
            ]
          }
        ],
        "generationConfig": {
          "responseModalities": [
            "image"
          ],
          "candidateCount": 1
        }
      }

      at NanoBananaClient.log [as generateImage] (src/lib/nano-banana.ts:258:15)

    console.log
      ≡ƒöì [Nano Banana] API Key (first 10 chars): test-api-k...

      at NanoBananaClient.log [as generateImage] (src/lib/nano-banana.ts:259:15)

    console.log
      ≡ƒöì [Nano Banana] Base URL: https://api.test.nanobanana.com/v1/generateContent

      at NanoBananaClient.log [as generateImage] (src/lib/nano-banana.ts:260:15)

    console.log
      ≡ƒöì [Nano Banana] HTTP Error Details: {
        status: 400,
        message: 'Bad Request',
        body: undefined,
        code: undefined
      }

      at NanoBananaClient.log [as handleHttpError] (src/lib/nano-banana.ts:484:13)

    console.log
      ≡ƒöì [Nano Banana] 400 Error - Full response body: undefined

      at NanoBananaClient.log [as handleHttpError] (src/lib/nano-banana.ts:493:15)

    console.log
      ≡ƒÄ¿ [Nano Banana] Outbound request {
        model: 'gemini-2.5-flash-image',
        candidateCount: 1,
        aspectRatio: '1:1',
        hasReferenceImages: false,
        referenceMode: null,
        referenceImages: [],
        promptHash: 'cb2fea287ffb357f914bffe2f58c7583bb74a60f3f96f259866c94b77a843a2d',
        promptPreview: 'test prompt',
        promptLength: 11
      }

      at Object.log [as info] (src/lib/logger.ts:18:28)

    console.log
      ≡ƒöì [Nano Banana] Making request to: https://api.test.nanobanana.com/v1/generateContent?key=***

      at NanoBananaClient.log [as generateImage] (src/lib/nano-banana.ts:257:15)

    console.log
      ≡ƒöì [Nano Banana] Request body: {
        "contents": [
          {
            "role": "user",
            "parts": [
              {
                "text": "Generate an image of: test prompt\nAspect ratio: 1:1\nNo people in the image.\nContent 
safety: block_some"
              }
            ]
          }
        ],
        "generationConfig": {
          "responseModalities": [
            "image"
          ],
          "candidateCount": 1
        }
      }

      at NanoBananaClient.log [as generateImage] (src/lib/nano-banana.ts:258:15)

    console.log
      ≡ƒöì [Nano Banana] API Key (first 10 chars): test-api-k...

      at NanoBananaClient.log [as generateImage] (src/lib/nano-banana.ts:259:15)

    console.log
      ≡ƒöì [Nano Banana] Base URL: https://api.test.nanobanana.com/v1/generateContent

      at NanoBananaClient.log [as generateImage] (src/lib/nano-banana.ts:260:15)

    console.log
      ≡ƒöì [Nano Banana] HTTP Error Details: {
        status: 401,
        message: 'Unauthorized',
        body: undefined,
        code: undefined
      }

      at NanoBananaClient.log [as handleHttpError] (src/lib/nano-banana.ts:484:13)

    console.log
      ≡ƒÄ¿ [Nano Banana] Outbound request {
        model: 'gemini-2.5-flash-image',
        candidateCount: 1,
        aspectRatio: '1:1',
        hasReferenceImages: false,
        referenceMode: null,
        referenceImages: [],
        promptHash: 'cb2fea287ffb357f914bffe2f58c7583bb74a60f3f96f259866c94b77a843a2d',
        promptPreview: 'test prompt',
        promptLength: 11
      }

      at Object.log [as info] (src/lib/logger.ts:18:28)

    console.log
      ≡ƒöì [Nano Banana] Making request to: https://api.test.nanobanana.com/v1/generateContent?key=***

      at NanoBananaClient.log [as generateImage] (src/lib/nano-banana.ts:257:15)

    console.log
      ≡ƒöì [Nano Banana] Request body: {
        "contents": [
          {
            "role": "user",
            "parts": [
              {
                "text": "Generate an image of: test prompt\nAspect ratio: 1:1\nNo people in the image.\nContent 
safety: block_some"
              }
            ]
          }
        ],
        "generationConfig": {
          "responseModalities": [
            "image"
          ],
          "candidateCount": 1
        }
      }

      at NanoBananaClient.log [as generateImage] (src/lib/nano-banana.ts:258:15)

    console.log
      ≡ƒöì [Nano Banana] API Key (first 10 chars): test-api-k...

      at NanoBananaClient.log [as generateImage] (src/lib/nano-banana.ts:259:15)

    console.log
      ≡ƒöì [Nano Banana] Base URL: https://api.test.nanobanana.com/v1/generateContent

      at NanoBananaClient.log [as generateImage] (src/lib/nano-banana.ts:260:15)

    console.log
      ≡ƒöì [Nano Banana] HTTP Error Details: { status: 403, message: 'Forbidden', body: undefined, code: undefined }

      at NanoBananaClient.log [as handleHttpError] (src/lib/nano-banana.ts:484:13)

    console.log
      ≡ƒÄ¿ [Nano Banana] Outbound request {
        model: 'gemini-2.5-flash-image',
        candidateCount: 1,
        aspectRatio: '1:1',
        hasReferenceImages: false,
        referenceMode: null,
        referenceImages: [],
        promptHash: 'cb2fea287ffb357f914bffe2f58c7583bb74a60f3f96f259866c94b77a843a2d',
        promptPreview: 'test prompt',
        promptLength: 11
      }

      at Object.log [as info] (src/lib/logger.ts:18:28)

    console.log
      ≡ƒöì [Nano Banana] Making request to: https://api.test.nanobanana.com/v1/generateContent?key=***

      at NanoBananaClient.log [as generateImage] (src/lib/nano-banana.ts:257:15)

    console.log
      ≡ƒöì [Nano Banana] Request body: {
        "contents": [
          {
            "role": "user",
            "parts": [
              {
                "text": "Generate an image of: test prompt\nAspect ratio: 1:1\nNo people in the image.\nContent 
safety: block_some"
              }
            ]
          }
        ],
        "generationConfig": {
          "responseModalities": [
            "image"
          ],
          "candidateCount": 1
        }
      }

      at NanoBananaClient.log [as generateImage] (src/lib/nano-banana.ts:258:15)

    console.log
      ≡ƒöì [Nano Banana] API Key (first 10 chars): test-api-k...

      at NanoBananaClient.log [as generateImage] (src/lib/nano-banana.ts:259:15)

    console.log
      ≡ƒöì [Nano Banana] Base URL: https://api.test.nanobanana.com/v1/generateContent

      at NanoBananaClient.log [as generateImage] (src/lib/nano-banana.ts:260:15)

    console.log
      ≡ƒöì [Nano Banana] HTTP Error Details: {
        status: 429,
        message: 'Rate Limited',
        body: { retry_after: '60' },
        code: undefined
      }

      at NanoBananaClient.log [as handleHttpError] (src/lib/nano-banana.ts:484:13)

    console.log
      ≡ƒÄ¿ [Nano Banana] Outbound request {
        model: 'gemini-2.5-flash-image',
        candidateCount: 1,
        aspectRatio: '1:1',
        hasReferenceImages: false,
        referenceMode: null,
        referenceImages: [],
        promptHash: 'cb2fea287ffb357f914bffe2f58c7583bb74a60f3f96f259866c94b77a843a2d',
        promptPreview: 'test prompt',
        promptLength: 11
      }

      at Object.log [as info] (src/lib/logger.ts:18:28)

    console.log
      ≡ƒöì [Nano Banana] Making request to: https://api.test.nanobanana.com/v1/generateContent?key=***

      at NanoBananaClient.log [as generateImage] (src/lib/nano-banana.ts:257:15)

    console.log
      ≡ƒöì [Nano Banana] Request body: {
        "contents": [
          {
            "role": "user",
            "parts": [
              {
                "text": "Generate an image of: test prompt\nAspect ratio: 1:1\nNo people in the image.\nContent 
safety: block_some"
              }
            ]
          }
        ],
        "generationConfig": {
          "responseModalities": [
            "image"
          ],
          "candidateCount": 1
        }
      }

      at NanoBananaClient.log [as generateImage] (src/lib/nano-banana.ts:258:15)

    console.log
      ≡ƒöì [Nano Banana] API Key (first 10 chars): test-api-k...

      at NanoBananaClient.log [as generateImage] (src/lib/nano-banana.ts:259:15)

    console.log
      ≡ƒöì [Nano Banana] Base URL: https://api.test.nanobanana.com/v1/generateContent

      at NanoBananaClient.log [as generateImage] (src/lib/nano-banana.ts:260:15)

    console.log
      ≡ƒöì [Nano Banana] HTTP Error Details: {
        status: 500,
        message: 'Internal Server Error',
        body: undefined,
        code: undefined
      }

      at NanoBananaClient.log [as handleHttpError] (src/lib/nano-banana.ts:484:13)

    console.log
      ≡ƒÄ¿ [Nano Banana] Outbound request {
        model: 'gemini-2.5-flash-image',
        candidateCount: 1,
        aspectRatio: '1:1',
        hasReferenceImages: false,
        referenceMode: null,
        referenceImages: [],
        promptHash: 'cb2fea287ffb357f914bffe2f58c7583bb74a60f3f96f259866c94b77a843a2d',
        promptPreview: 'test prompt',
        promptLength: 11
      }

      at Object.log [as info] (src/lib/logger.ts:18:28)

    console.log
      ≡ƒöì [Nano Banana] Making request to: https://api.test.nanobanana.com/v1/generateContent?key=***

      at NanoBananaClient.log [as generateImage] (src/lib/nano-banana.ts:257:15)

    console.log
      ≡ƒöì [Nano Banana] Request body: {
        "contents": [
          {
            "role": "user",
            "parts": [
              {
                "text": "Generate an image of: test prompt\nAspect ratio: 1:1\nNo people in the image.\nContent 
safety: block_some"
              }
            ]
          }
        ],
        "generationConfig": {
          "responseModalities": [
            "image"
          ],
          "candidateCount": 1
        }
      }

      at NanoBananaClient.log [as generateImage] (src/lib/nano-banana.ts:258:15)

    console.log
      ≡ƒöì [Nano Banana] API Key (first 10 chars): test-api-k...

      at NanoBananaClient.log [as generateImage] (src/lib/nano-banana.ts:259:15)

    console.log
      ≡ƒöì [Nano Banana] Base URL: https://api.test.nanobanana.com/v1/generateContent

      at NanoBananaClient.log [as generateImage] (src/lib/nano-banana.ts:260:15)

    console.log
      ≡ƒöì [Nano Banana] HTTP Error Details: {
        status: 418,
        message: 'Unknown Error',
        body: undefined,
        code: undefined
      }

      at NanoBananaClient.log [as handleHttpError] (src/lib/nano-banana.ts:484:13)

PASS src/lib/extraction/__tests__/menu-extraction-service.test.ts
  ΓùÅ Console

    console.error
      Failed to track extraction: TypeError: this.supabase.rpc is not a function
          at MetricsCollector.rpc [as trackExtraction] (C:\Users\Leon 
Clements\OneDrive\Kiro\src\lib\extraction\metrics-collector.ts:109:45)
          at MenuExtractionService.trackExtraction [as submitExtractionJob] (C:\Users\Leon 
Clements\OneDrive\Kiro\src\lib\extraction\menu-extraction-service.ts:210:32)
          at processTicksAndRejections (node:internal/process/task_queues:105:5)
          at Object.<anonymous> (C:\Users\Leon 
Clements\OneDrive\Kiro\src\lib\extraction\__tests__\menu-extraction-service.test.ts:163:19)

      121 |       }
      122 |     } catch (error) {
    > 123 |       console.error('Failed to track extraction:', error)
          |               ^
      124 |     }
      125 |   }
      126 |

      at MetricsCollector.error [as trackExtraction] (src/lib/extraction/metrics-collector.ts:123:15)
      at MenuExtractionService.trackExtraction [as submitExtractionJob] 
(src/lib/extraction/menu-extraction-service.ts:210:32)
      at Object.<anonymous> (src/lib/extraction/__tests__/menu-extraction-service.test.ts:163:19)

    console.log
      Returning cached result for image hash: 593674d2b62d017d07b41a24b6bfa9d7e17f3829159a68c7e3d1b2b02437c7cd

      at MenuExtractionService.log [as submitExtractionJob] (src/lib/extraction/menu-extraction-service.ts:143:19)

    console.log
      Cached result has 0 categories

      at MenuExtractionService.log [as submitExtractionJob] (src/lib/extraction/menu-extraction-service.ts:144:19)

    console.error
      Validation failed with errors: [
        {
          path: 'menu.categories',
          message: 'Menu must have at least one category'
        }
      ]

      339 |     
      340 |     if (!validation.valid) {
    > 341 |       console.error('Validation failed with errors:', validation.errors.map(e => ({
          |               ^
      342 |         path: e.path,
      343 |         message: e.message
      344 |       })))

      at MenuExtractionService.error [as processWithVisionLLM] (src/lib/extraction/menu-extraction-service.ts:341:15)
      at Object.<anonymous> (src/lib/extraction/__tests__/menu-extraction-service.test.ts:327:7)

    console.error
      Sample items from raw data: []

      346 |       // Log a few sample items that might be failing
      347 |       const sampleItems = rawData?.menu?.categories?.flatMap((cat: any) => cat.items || []).slice(0, 3)
    > 348 |       console.error('Sample items from raw data:', JSON.stringify(sampleItems, null, 2))
          |               ^
      349 |       
      350 |       // Attempt to salvage partial data
      351 |       const validator = new SchemaValidator(promptPackage?.schemaVersion || 'stage1')

      at MenuExtractionService.error [as processWithVisionLLM] (src/lib/extraction/menu-extraction-service.ts:348:15)
      at Object.<anonymous> (src/lib/extraction/__tests__/menu-extraction-service.test.ts:327:7)

    console.error
      Error fetching job: { message: 'Not found' }

      408 |
      409 |     if (error) {
    > 410 |       console.error('Error fetching job:', error)
          |               ^
      411 |       return null
      412 |     }
      413 |

      at MenuExtractionService.error [as getJobStatus] (src/lib/extraction/menu-extraction-service.ts:410:15)
      at Object.<anonymous> (src/lib/extraction/__tests__/menu-extraction-service.test.ts:366:19)

    console.error
      Failed to track extraction: TypeError: this.supabase.rpc is not a function
          at MetricsCollector.rpc [as trackExtraction] (C:\Users\Leon 
Clements\OneDrive\Kiro\src\lib\extraction\metrics-collector.ts:109:45)
          at MenuExtractionService.trackExtraction [as submitExtractionJob] (C:\Users\Leon 
Clements\OneDrive\Kiro\src\lib\extraction\menu-extraction-service.ts:210:32)
          at processTicksAndRejections (node:internal/process/task_queues:105:5)
          at Object.<anonymous> (C:\Users\Leon 
Clements\OneDrive\Kiro\src\lib\extraction\__tests__\menu-extraction-service.test.ts:453:7)

      121 |       }
      122 |     } catch (error) {
    > 123 |       console.error('Failed to track extraction:', error)
          |               ^
      124 |     }
      125 |   }
      126 |

      at MetricsCollector.error [as trackExtraction] (src/lib/extraction/metrics-collector.ts:123:15)
      at MenuExtractionService.trackExtraction [as submitExtractionJob] 
(src/lib/extraction/menu-extraction-service.ts:210:32)
      at Object.<anonymous> (src/lib/extraction/__tests__/menu-extraction-service.test.ts:453:7)

PASS src/__tests__/e2e/extraction-stage2-e2e.test.ts
PASS src/lib/__tests__/prompt-construction.test.ts
PASS src/lib/templates/__tests__/layout-engine.test.ts
PASS src/components/__tests__/SetMenuEditor.test.tsx
PASS ./debug-width-issue.test.ts
  ΓùÅ Console

    console.log
      Generated layout successfully

      at Object.log (debug-width-issue.test.ts:42:15)

    console.log
      Pages: 1

      at Object.log (debug-width-issue.test.ts:43:15)

    console.log
      
      Page 0:

      at Object.log (debug-width-issue.test.ts:46:17)

    console.log
      Regions:

      at Object.log (debug-width-issue.test.ts:47:17)

    console.log
        header: width=544.26, height=60

      at Object.log (debug-width-issue.test.ts:49:19)

    console.log
        title: width=544.26, height=32

      at Object.log (debug-width-issue.test.ts:49:19)

    console.log
        body: width=544.26, height=659.5300000000001

      at Object.log (debug-width-issue.test.ts:49:19)

    console.log
        footer: width=544.26, height=45

      at Object.log (debug-width-issue.test.ts:49:19)

    console.log
      Tiles:

      at Object.log (debug-width-issue.test.ts:52:17)

    console.log
        logo-test-menu: x=0, y=0, width=544.26, height=60, region=header

      at Object.log (debug-width-issue.test.ts:54:19)

    console.log
          Right edge: 544.26 (region width: 544.26)

      at Object.log (debug-width-issue.test.ts:60:21)

    console.log
          Bottom edge: 60 (region height: 60)

      at Object.log (debug-width-issue.test.ts:61:21)

    console.log
        title-test-menu: x=0, y=0, width=544.26, height=32, region=title

      at Object.log (debug-width-issue.test.ts:54:19)

    console.log
          Right edge: 544.26 (region width: 544.26)

      at Object.log (debug-width-issue.test.ts:60:21)

    console.log
          Bottom edge: 32 (region height: 32)

      at Object.log (debug-width-issue.test.ts:61:21)

    console.log
        section-header-sec-1: x=0, y=0, width=544.26, height=70, region=body

      at Object.log (debug-width-issue.test.ts:54:19)

    console.log
          Right edge: 544.26 (region width: 544.26)

      at Object.log (debug-width-issue.test.ts:60:21)

    console.log
          Bottom edge: 70 (region height: 659.5300000000001)

      at Object.log (debug-width-issue.test.ts:61:21)

    console.log
        item-item-1: x=207.0975, y=78, width=130.065, height=148, region=body

      at Object.log (debug-width-issue.test.ts:54:19)

    console.log
          Right edge: 337.1625 (region width: 544.26)

      at Object.log (debug-width-issue.test.ts:60:21)

    console.log
          Bottom edge: 226 (region height: 659.5300000000001)

      at Object.log (debug-width-issue.test.ts:61:21)

PASS src/lib/templates/v2/__tests__/renderer-v2.test.ts
PASS src/__tests__/admin-api-auth.test.ts
PASS src/components/__tests__/VariantEditor.test.tsx
PASS ./debug-fits-check.test.ts
  ΓùÅ Console

    console.log
      Body region height: 659.5300000000001

      at Object.log (debug-fits-check.test.ts:18:13)

    console.log
      Current row: 7

      at Object.log (debug-fits-check.test.ts:19:13)

    console.log
      Row height + gap: 78

      at Object.log (debug-fits-check.test.ts:20:13)

    console.log
      Next tile Y position: 546

      at Object.log (debug-fits-check.test.ts:23:13)

    console.log
      Available space: 113.53000000000009

      at Object.log (debug-fits-check.test.ts:24:13)

    console.log
      Section header height: 70

      at Object.log (debug-fits-check.test.ts:28:13)

    console.log
      Would section header fit? true

      at Object.log (debug-fits-check.test.ts:29:13)

    console.log
      Manual calculation - would fit? true

      at Object.log (debug-fits-check.test.ts:33:13)

    console.log
      Bottom edge would be: 616

      at Object.log (debug-fits-check.test.ts:34:13)

    console.log
      Region height: 659.5300000000001

      at Object.log (debug-fits-check.test.ts:35:13)

PASS src/app/api/templates/__tests__/template-engine-api.test.ts
  ΓùÅ Console

    console.log
      ≡ƒöä [Menu Transformer] Input menu: {
        id: 'test-menu-1',
        name: 'Test Restaurant Menu',
        itemsCount: 18,
        categoriesCount: 2,
        hasItems: true,
        hasCategories: true
      }

      at log (src/lib/templates/menu-transformer.ts:122:11)

    console.log
      ≡ƒöä [Menu Transformer] Data source decision: {
        hasValidCategories: true,
        hasValidItems: true,
        categoryItemCount: 18,
        flatItemCount: 18,
        hasDataInconsistency: false,
        willUseCategories: true,
        willUseFlatItems: false
      }

      at log (src/lib/templates/menu-transformer.ts:155:11)

    console.log
      ≡ƒöä [Menu Transformer] Using categories, created sections: 2

      at log (src/lib/templates/menu-transformer.ts:172:13)

    console.log
      ≡ƒöä [Menu Transformer] Input menu: {
        id: 'test-menu-1',
        name: 'Test Restaurant Menu',
        itemsCount: 200,
        categoriesCount: 1,
        hasItems: true,
        hasCategories: true
      }

      at log (src/lib/templates/menu-transformer.ts:122:11)

    console.log
      ≡ƒöä [Menu Transformer] Data source decision: {
        hasValidCategories: true,
        hasValidItems: true,
        categoryItemCount: 200,
        flatItemCount: 200,
        hasDataInconsistency: false,
        willUseCategories: true,
        willUseFlatItems: false
      }

      at log (src/lib/templates/menu-transformer.ts:155:11)

    console.log
      ≡ƒöä [Menu Transformer] Using categories, created sections: 1

      at log (src/lib/templates/menu-transformer.ts:172:13)

    console.log
      ≡ƒöä [Menu Transformer] Input menu: {
        id: 'test-menu-1',
        name: 'Test Restaurant Menu',
        itemsCount: 12,
        categoriesCount: 1,
        hasItems: true,
        hasCategories: true
      }

      at log (src/lib/templates/menu-transformer.ts:122:11)

    console.log
      ≡ƒöä [Menu Transformer] Data source decision: {
        hasValidCategories: true,
        hasValidItems: true,
        categoryItemCount: 12,
        flatItemCount: 12,
        hasDataInconsistency: false,
        willUseCategories: true,
        willUseFlatItems: false
      }

      at log (src/lib/templates/menu-transformer.ts:155:11)

    console.log
      ≡ƒöä [Menu Transformer] Using categories, created sections: 1

      at log (src/lib/templates/menu-transformer.ts:172:13)

    console.log
      ≡ƒöä [Menu Transformer] Input menu: {
        id: 'test-menu-1',
        name: 'Test Restaurant Menu',
        itemsCount: 9,
        categoriesCount: 1,
        hasItems: true,
        hasCategories: true
      }

      at log (src/lib/templates/menu-transformer.ts:122:11)

    console.log
      ≡ƒöä [Menu Transformer] Data source decision: {
        hasValidCategories: true,
        hasValidItems: true,
        categoryItemCount: 9,
        flatItemCount: 9,
        hasDataInconsistency: false,
        willUseCategories: true,
        willUseFlatItems: false
      }

      at log (src/lib/templates/menu-transformer.ts:155:11)

    console.log
      ≡ƒöä [Menu Transformer] Using categories, created sections: 1

      at log (src/lib/templates/menu-transformer.ts:172:13)

    console.log
      ≡ƒöä [Menu Transformer] Input menu: {
        id: 'test-menu-1',
        name: 'Test Restaurant Menu',
        itemsCount: 30,
        categoriesCount: 2,
        hasItems: true,
        hasCategories: true
      }

      at log (src/lib/templates/menu-transformer.ts:122:11)

    console.log
      ≡ƒöä [Menu Transformer] Data source decision: {
        hasValidCategories: true,
        hasValidItems: true,
        categoryItemCount: 30,
        flatItemCount: 30,
        hasDataInconsistency: false,
        willUseCategories: true,
        willUseFlatItems: false
      }

      at log (src/lib/templates/menu-transformer.ts:155:11)

    console.log
      ≡ƒöä [Menu Transformer] Using categories, created sections: 2

      at log (src/lib/templates/menu-transformer.ts:172:13)

    console.log
      ≡ƒöä [Menu Transformer] Input menu: {
        id: 'test-menu-1',
        name: 'Test Restaurant Menu',
        itemsCount: 150,
        categoriesCount: 5,
        hasItems: true,
        hasCategories: true
      }

      at log (src/lib/templates/menu-transformer.ts:122:11)

    console.log
      ≡ƒöä [Menu Transformer] Data source decision: {
        hasValidCategories: true,
        hasValidItems: true,
        categoryItemCount: 150,
        flatItemCount: 150,
        hasDataInconsistency: false,
        willUseCategories: true,
        willUseFlatItems: false
      }

      at log (src/lib/templates/menu-transformer.ts:155:11)

    console.log
      ≡ƒöä [Menu Transformer] Using categories, created sections: 5

      at log (src/lib/templates/menu-transformer.ts:172:13)

    console.log
      ≡ƒöä [Menu Transformer] Input menu: {
        id: 'test-menu-1',
        name: 'Test Restaurant Menu',
        itemsCount: 6,
        categoriesCount: 1,
        hasItems: true,
        hasCategories: true
      }

      at log (src/lib/templates/menu-transformer.ts:122:11)

    console.log
      ≡ƒöä [Menu Transformer] Data source decision: {
        hasValidCategories: true,
        hasValidItems: true,
        categoryItemCount: 6,
        flatItemCount: 6,
        hasDataInconsistency: false,
        willUseCategories: true,
        willUseFlatItems: false
      }

      at log (src/lib/templates/menu-transformer.ts:155:11)

    console.log
      ≡ƒöä [Menu Transformer] Using categories, created sections: 1

      at log (src/lib/templates/menu-transformer.ts:172:13)

    console.log
      ≡ƒöä [Menu Transformer] Input menu: {
        id: 'test-menu-1',
        name: 'Test Restaurant Menu',
        itemsCount: 24,
        categoriesCount: 2,
        hasItems: true,
        hasCategories: true
      }

      at log (src/lib/templates/menu-transformer.ts:122:11)

    console.log
      ≡ƒöä [Menu Transformer] Data source decision: {
        hasValidCategories: true,
        hasValidItems: true,
        categoryItemCount: 24,
        flatItemCount: 24,
        hasDataInconsistency: false,
        willUseCategories: true,
        willUseFlatItems: false
      }

      at log (src/lib/templates/menu-transformer.ts:155:11)

    console.log
      ≡ƒöä [Menu Transformer] Using categories, created sections: 2

      at log (src/lib/templates/menu-transformer.ts:172:13)

PASS src/lib/templates/__tests__/menu-transformer.test.ts
  ΓùÅ Console

    console.log
      ≡ƒöä [Menu Transformer] Input menu: {
        id: 'menu-0.20146159883499193',
        name: 'Test Menu',
        itemsCount: 0,
        categoriesCount: 2,
        hasItems: false,
        hasCategories: true
      }

      at log (src/lib/templates/menu-transformer.ts:122:11)

    console.log
      ≡ƒöä [Menu Transformer] Data source decision: {
        hasValidCategories: true,
        hasValidItems: false,
        categoryItemCount: 3,
        flatItemCount: 0,
        hasDataInconsistency: false,
        willUseCategories: true,
        willUseFlatItems: false
      }

      at log (src/lib/templates/menu-transformer.ts:155:11)

    console.log
      ≡ƒöä [Menu Transformer] Using categories, created sections: 2

      at log (src/lib/templates/menu-transformer.ts:172:13)

    console.log
      ≡ƒöä [Menu Transformer] Input menu: {
        id: 'menu-0.6052894654273666',
        name: 'Test Menu',
        itemsCount: 0,
        categoriesCount: 3,
        hasItems: false,
        hasCategories: true
      }

      at log (src/lib/templates/menu-transformer.ts:122:11)

    console.log
      ≡ƒöä [Menu Transformer] Data source decision: {
        hasValidCategories: true,
        hasValidItems: false,
        categoryItemCount: 3,
        flatItemCount: 0,
        hasDataInconsistency: false,
        willUseCategories: true,
        willUseFlatItems: false
      }

      at log (src/lib/templates/menu-transformer.ts:155:11)

    console.log
      ≡ƒöä [Menu Transformer] Using categories, created sections: 3

      at log (src/lib/templates/menu-transformer.ts:172:13)

    console.log
      ≡ƒöä [Menu Transformer] Input menu: {
        id: 'menu-0.9946023020994266',
        name: 'Test Menu',
        itemsCount: 0,
        categoriesCount: 1,
        hasItems: false,
        hasCategories: true
      }

      at log (src/lib/templates/menu-transformer.ts:122:11)

    console.log
      ≡ƒöä [Menu Transformer] Data source decision: {
        hasValidCategories: true,
        hasValidItems: false,
        categoryItemCount: 3,
        flatItemCount: 0,
        hasDataInconsistency: false,
        willUseCategories: true,
        willUseFlatItems: false
      }

      at log (src/lib/templates/menu-transformer.ts:155:11)

    console.log
      ≡ƒöä [Menu Transformer] Using categories, created sections: 1

      at log (src/lib/templates/menu-transformer.ts:172:13)

    console.log
      ≡ƒöä [Menu Transformer] Input menu: {
        id: 'menu-0.8183774624719482',
        name: 'Test Menu',
        itemsCount: 3,
        categoriesCount: 0,
        hasItems: true,
        hasCategories: false
      }

      at log (src/lib/templates/menu-transformer.ts:122:11)

    console.log
      ≡ƒöä [Menu Transformer] Data source decision: {
        hasValidCategories: undefined,
        hasValidItems: true,
        categoryItemCount: 0,
        flatItemCount: 3,
        hasDataInconsistency: undefined,
        willUseCategories: undefined,
        willUseFlatItems: true
      }

      at log (src/lib/templates/menu-transformer.ts:155:11)

    console.log
      ≡ƒöä [Menu Transformer] Using flat items, created sections: 1

      at log (src/lib/templates/menu-transformer.ts:216:13)

    console.log
      ≡ƒöä [Menu Transformer] Input menu: {
        id: 'menu-0.49447433383649986',
        name: 'Test Menu',
        itemsCount: 3,
        categoriesCount: 0,
        hasItems: true,
        hasCategories: false
      }

      at log (src/lib/templates/menu-transformer.ts:122:11)

    console.log
      ≡ƒöä [Menu Transformer] Data source decision: {
        hasValidCategories: undefined,
        hasValidItems: true,
        categoryItemCount: 0,
        flatItemCount: 3,
        hasDataInconsistency: undefined,
        willUseCategories: undefined,
        willUseFlatItems: true
      }

      at log (src/lib/templates/menu-transformer.ts:155:11)

    console.log
      ≡ƒöä [Menu Transformer] Using flat items, created sections: 1

      at log (src/lib/templates/menu-transformer.ts:216:13)

    console.log
      ≡ƒöä [Menu Transformer] Input menu: {
        id: 'menu-0.008122310918372788',
        name: 'Test Menu',
        itemsCount: 1,
        categoriesCount: 0,
        hasItems: true,
        hasCategories: false
      }

      at log (src/lib/templates/menu-transformer.ts:122:11)

    console.log
      ≡ƒöä [Menu Transformer] Data source decision: {
        hasValidCategories: undefined,
        hasValidItems: true,
        categoryItemCount: 0,
        flatItemCount: 1,
        hasDataInconsistency: undefined,
        willUseCategories: undefined,
        willUseFlatItems: true
      }

      at log (src/lib/templates/menu-transformer.ts:155:11)

    console.log
      ≡ƒöä [Menu Transformer] Using flat items, created sections: 1

      at log (src/lib/templates/menu-transformer.ts:216:13)

    console.log
      ≡ƒöä [Menu Transformer] Input menu: {
        id: 'menu-0.881111229012417',
        name: 'Test Menu',
        itemsCount: 1,
        categoriesCount: 0,
        hasItems: true,
        hasCategories: false
      }

      at log (src/lib/templates/menu-transformer.ts:122:11)

    console.log
      ≡ƒöä [Menu Transformer] Data source decision: {
        hasValidCategories: false,
        hasValidItems: true,
        categoryItemCount: 0,
        flatItemCount: 1,
        hasDataInconsistency: false,
        willUseCategories: false,
        willUseFlatItems: true
      }

      at log (src/lib/templates/menu-transformer.ts:155:11)

    console.log
      ≡ƒöä [Menu Transformer] Using flat items, created sections: 1

      at log (src/lib/templates/menu-transformer.ts:216:13)

    console.log
      ≡ƒöä [Menu Transformer] Input menu: {
        id: 'menu-0.9510739171859897',
        name: 'Test Menu',
        itemsCount: 0,
        categoriesCount: 0,
        hasItems: false,
        hasCategories: false
      }

      at log (src/lib/templates/menu-transformer.ts:122:11)

    console.log
      ≡ƒöä [Menu Transformer] Data source decision: {
        hasValidCategories: undefined,
        hasValidItems: false,
        categoryItemCount: 0,
        flatItemCount: 0,
        hasDataInconsistency: undefined,
        willUseCategories: undefined,
        willUseFlatItems: false
      }

      at log (src/lib/templates/menu-transformer.ts:155:11)

    console.warn
      ≡ƒöä [Menu Transformer] No valid data found, creating empty menu

      230 |   
      231 |   // Fallback: empty menu with single empty section
    > 232 |   console.warn('≡ƒöä [Menu Transformer] No valid data found, creating empty menu')
          |           ^
      233 |   return {
      234 |     id: menu.id,
      235 |     name: menu.name,

      at warn (src/lib/templates/menu-transformer.ts:232:11)
      at Object.<anonymous> (src/lib/templates/__tests__/menu-transformer.test.ts:312:40)

    console.log
      ≡ƒöä [Menu Transformer] Input menu: {
        id: 'menu-0.05205418156845498',
        name: 'Test Menu',
        itemsCount: 0,
        categoriesCount: 0,
        hasItems: false,
        hasCategories: false
      }

      at log (src/lib/templates/menu-transformer.ts:122:11)

    console.log
      ≡ƒöä [Menu Transformer] Data source decision: {
        hasValidCategories: undefined,
        hasValidItems: false,
        categoryItemCount: 0,
        flatItemCount: 0,
        hasDataInconsistency: undefined,
        willUseCategories: undefined,
        willUseFlatItems: false
      }

      at log (src/lib/templates/menu-transformer.ts:155:11)

    console.warn
      ≡ƒöä [Menu Transformer] No valid data found, creating empty menu

      230 |   
      231 |   // Fallback: empty menu with single empty section
    > 232 |   console.warn('≡ƒöä [Menu Transformer] No valid data found, creating empty menu')
          |           ^
      233 |   return {
      234 |     id: menu.id,
      235 |     name: menu.name,

      at warn (src/lib/templates/menu-transformer.ts:232:11)
      at Object.<anonymous> (src/lib/templates/__tests__/menu-transformer.test.ts:329:40)

    console.log
      ≡ƒöä [Menu Transformer] Input menu: {
        id: 'menu-0.4425206852093788',
        name: 'The Golden Dragon',
        itemsCount: 0,
        categoriesCount: 0,
        hasItems: false,
        hasCategories: false
      }

      at log (src/lib/templates/menu-transformer.ts:122:11)

    console.log
      ≡ƒöä [Menu Transformer] Data source decision: {
        hasValidCategories: undefined,
        hasValidItems: false,
        categoryItemCount: 0,
        flatItemCount: 0,
        hasDataInconsistency: undefined,
        willUseCategories: undefined,
        willUseFlatItems: false
      }

      at log (src/lib/templates/menu-transformer.ts:155:11)

    console.warn
      ≡ƒöä [Menu Transformer] No valid data found, creating empty menu

      230 |   
      231 |   // Fallback: empty menu with single empty section
    > 232 |   console.warn('≡ƒöä [Menu Transformer] No valid data found, creating empty menu')
          |           ^
      233 |   return {
      234 |     id: menu.id,
      235 |     name: menu.name,

      at warn (src/lib/templates/menu-transformer.ts:232:11)
      at Object.<anonymous> (src/lib/templates/__tests__/menu-transformer.test.ts:339:40)

    console.log
      ≡ƒöä [Menu Transformer] Input menu: {
        id: 'menu-0.46892214010781585',
        name: 'Test Menu',
        itemsCount: 0,
        categoriesCount: 0,
        hasItems: false,
        hasCategories: false
      }

      at log (src/lib/templates/menu-transformer.ts:122:11)

    console.log
      ≡ƒöä [Menu Transformer] Data source decision: {
        hasValidCategories: undefined,
        hasValidItems: false,
        categoryItemCount: 0,
        flatItemCount: 0,
        hasDataInconsistency: undefined,
        willUseCategories: undefined,
        willUseFlatItems: false
      }

      at log (src/lib/templates/menu-transformer.ts:155:11)

    console.warn
      ≡ƒöä [Menu Transformer] No valid data found, creating empty menu

      230 |   
      231 |   // Fallback: empty menu with single empty section
    > 232 |   console.warn('≡ƒöä [Menu Transformer] No valid data found, creating empty menu')
          |           ^
      233 |   return {
      234 |     id: menu.id,
      235 |     name: menu.name,

      at warn (src/lib/templates/menu-transformer.ts:232:11)
      at Object.<anonymous> (src/lib/templates/__tests__/menu-transformer.test.ts:347:40)

    console.log
      ≡ƒöä [Menu Transformer] Input menu: {
        id: 'menu-0.8123520691578023',
        name: 'Test Menu',
        itemsCount: 1,
        categoriesCount: 0,
        hasItems: true,
        hasCategories: false
      }

      at log (src/lib/templates/menu-transformer.ts:122:11)

    console.log
      ≡ƒöä [Menu Transformer] Data source decision: {
        hasValidCategories: undefined,
        hasValidItems: true,
        categoryItemCount: 0,
        flatItemCount: 1,
        hasDataInconsistency: undefined,
        willUseCategories: undefined,
        willUseFlatItems: true
      }

      at log (src/lib/templates/menu-transformer.ts:155:11)

    console.log
      ≡ƒöä [Menu Transformer] Using flat items, created sections: 1

      at log (src/lib/templates/menu-transformer.ts:216:13)

    console.log
      ≡ƒöä [Menu Transformer] Input menu: {
        id: 'menu-0.7422427989348956',
        name: 'Test Menu',
        itemsCount: 1,
        categoriesCount: 0,
        hasItems: true,
        hasCategories: false
      }

      at log (src/lib/templates/menu-transformer.ts:122:11)

    console.log
      ≡ƒöä [Menu Transformer] Data source decision: {
        hasValidCategories: undefined,
        hasValidItems: true,
        categoryItemCount: 0,
        flatItemCount: 1,
        hasDataInconsistency: undefined,
        willUseCategories: undefined,
        willUseFlatItems: true
      }

      at log (src/lib/templates/menu-transformer.ts:155:11)

    console.log
      ≡ƒöä [Menu Transformer] Using flat items, created sections: 1

      at log (src/lib/templates/menu-transformer.ts:216:13)

    console.log
      ≡ƒöä [Menu Transformer] Input menu: {
        id: 'menu-0.22807078295920657',
        name: 'Test Menu',
        itemsCount: 1,
        categoriesCount: 0,
        hasItems: true,
        hasCategories: false
      }

      at log (src/lib/templates/menu-transformer.ts:122:11)

    console.log
      ≡ƒöä [Menu Transformer] Data source decision: {
        hasValidCategories: undefined,
        hasValidItems: true,
        categoryItemCount: 0,
        flatItemCount: 1,
        hasDataInconsistency: undefined,
        willUseCategories: undefined,
        willUseFlatItems: true
      }

      at log (src/lib/templates/menu-transformer.ts:155:11)

    console.log
      ≡ƒöä [Menu Transformer] Using flat items, created sections: 1

      at log (src/lib/templates/menu-transformer.ts:216:13)

    console.log
      ≡ƒöä [Menu Transformer] Input menu: {
        id: 'menu-0.36979168855163747',
        name: 'Test Menu',
        itemsCount: 0,
        categoriesCount: 0,
        hasItems: false,
        hasCategories: false
      }

      at log (src/lib/templates/menu-transformer.ts:122:11)

    console.log
      ≡ƒöä [Menu Transformer] Data source decision: {
        hasValidCategories: false,
        hasValidItems: false,
        categoryItemCount: 0,
        flatItemCount: 0,
        hasDataInconsistency: false,
        willUseCategories: false,
        willUseFlatItems: false
      }

      at log (src/lib/templates/menu-transformer.ts:155:11)

    console.warn
      ≡ƒöä [Menu Transformer] No valid data found, creating empty menu

      230 |   
      231 |   // Fallback: empty menu with single empty section
    > 232 |   console.warn('≡ƒöä [Menu Transformer] No valid data found, creating empty menu')
          |           ^
      233 |   return {
      234 |     id: menu.id,
      235 |     name: menu.name,

      at warn (src/lib/templates/menu-transformer.ts:232:11)
      at Object.<anonymous> (src/lib/templates/__tests__/menu-transformer.test.ts:412:40)

    console.log
      ≡ƒöä [Menu Transformer] Input menu: {
        id: 'menu-0.4454720152305549',
        name: 'Test Menu',
        itemsCount: 0,
        categoriesCount: 1,
        hasItems: false,
        hasCategories: true
      }

      at log (src/lib/templates/menu-transformer.ts:122:11)

    console.log
      ≡ƒöä [Menu Transformer] Data source decision: {
        hasValidCategories: false,
        hasValidItems: false,
        categoryItemCount: 0,
        flatItemCount: 0,
        hasDataInconsistency: false,
        willUseCategories: false,
        willUseFlatItems: false
      }

      at log (src/lib/templates/menu-transformer.ts:155:11)

    console.warn
      ≡ƒöä [Menu Transformer] No valid data found, creating empty menu

      230 |   
      231 |   // Fallback: empty menu with single empty section
    > 232 |   console.warn('≡ƒöä [Menu Transformer] No valid data found, creating empty menu')
          |           ^
      233 |   return {
      234 |     id: menu.id,
      235 |     name: menu.name,

      at warn (src/lib/templates/menu-transformer.ts:232:11)
      at Object.<anonymous> (src/lib/templates/__tests__/menu-transformer.test.ts:425:40)

    console.log
      ≡ƒöä [Menu Transformer] Input menu: {
        id: 'menu-0.4717388712877404',
        name: 'Test Menu',
        itemsCount: 2,
        categoriesCount: 0,
        hasItems: true,
        hasCategories: false
      }

      at log (src/lib/templates/menu-transformer.ts:122:11)

    console.log
      ≡ƒöä [Menu Transformer] Data source decision: {
        hasValidCategories: undefined,
        hasValidItems: true,
        categoryItemCount: 0,
        flatItemCount: 2,
        hasDataInconsistency: undefined,
        willUseCategories: undefined,
        willUseFlatItems: true
      }

      at log (src/lib/templates/menu-transformer.ts:155:11)

    console.log
      ≡ƒöä [Menu Transformer] Using flat items, created sections: 1

      at log (src/lib/templates/menu-transformer.ts:216:13)

    console.log
      ≡ƒöä [Menu Transformer] Input menu: {
        id: 'menu-0.28120110317427627',
        name: 'Test Menu',
        itemsCount: 0,
        categoriesCount: 2,
        hasItems: false,
        hasCategories: true
      }

      at log (src/lib/templates/menu-transformer.ts:122:11)

    console.log
      ≡ƒöä [Menu Transformer] Data source decision: {
        hasValidCategories: true,
        hasValidItems: false,
        categoryItemCount: 2,
        flatItemCount: 0,
        hasDataInconsistency: false,
        willUseCategories: true,
        willUseFlatItems: false
      }

      at log (src/lib/templates/menu-transformer.ts:155:11)

    console.log
      ≡ƒöä [Menu Transformer] Using categories, created sections: 2

      at log (src/lib/templates/menu-transformer.ts:172:13)

PASS src/lib/templates/v2/__tests__/layout-engine-v2.test.ts
PASS src/app/api/templates/__tests__/integration.test.ts
  ΓùÅ Console

    console.log
      [HTMLExporter] Generated HTML in 0ms (10541 bytes)

      at log (src/lib/templates/export/html-exporter.ts:114:11)

    console.log
      [HTMLExporter] Generated HTML in 0ms (10521 bytes)

      at log (src/lib/templates/export/html-exporter.ts:114:11)

    console.log
      [HTMLExporter] Generated HTML in 0ms (8363 bytes)

      at log (src/lib/templates/export/html-exporter.ts:114:11)

PASS src/components/AIImageGeneration.test.tsx
  ΓùÅ Console

    console.error
      Warning: An update to AIImageGeneration inside a test was not wrapped in act(...).
      
      When testing, code that causes React state updates should be wrapped into act(...):
      
      act(() => {
        /* fire events that update state */
      });
      /* assert on the output */
      
      This ensures that you're testing the behavior the user would see in the browser. Learn more at 
https://reactjs.org/link/wrap-tests-with-act
          at menuItem (C:\Users\Leon Clements\OneDrive\Kiro\src\components\AIImageGeneration.tsx:24:3)
          at children (C:\Users\Leon Clements\OneDrive\Kiro\src\components\ui\toast.tsx:24:33)

      60 |         const json = await res.json()
      61 |         if (res.ok && json?.data?.variations && isMounted) {
    > 62 |           setPreviousImages(json.data.variations as GeneratedImage[])
         |           ^
      63 |         }
      64 |       } catch {
      65 |         // best-effort; ignore

      at printWarning (node_modules/react-dom/cjs/react-dom.development.js:86:30)
      at error (node_modules/react-dom/cjs/react-dom.development.js:60:7)
      at warnIfUpdatesNotWrappedWithActDEV (node_modules/react-dom/cjs/react-dom.development.js:27628:9)
      at scheduleUpdateOnFiber (node_modules/react-dom/cjs/react-dom.development.js:25547:5)
      at dispatchSetState (node_modules/react-dom/cjs/react-dom.development.js:16708:7)
      at setPreviousImages (src/components/AIImageGeneration.tsx:62:11)

PASS src/lib/templates/v2/__tests__/menu-transformer-v2.test.ts
PASS src/__tests__/unit/data-transformer.test.ts
PASS src/lib/templates/__tests__/metrics.test.ts
PASS src/__tests__/api-admin-generate-gemini-image.test.ts
  ΓùÅ Console

    console.log
      ≡ƒº¬ [Admin Gemini Image] Request {
        userId: 'a1',
        scenarioId: null,
        aspectRatio: '1:1',
        numberOfImages: 2,
        referenceMode: null,
        referenceImageCount: 0,
        referenceImages: [],
        promptLength: 18,
        negativePromptLength: 0
      }

      at Object.log [as info] (src/lib/logger.ts:18:28)

    console.log
      ≡ƒº¬ [Admin Gemini Image] Request {
        userId: 'a1',
        scenarioId: null,
        aspectRatio: '1:1',
        numberOfImages: 1,
        referenceMode: 'style_match',
        referenceImageCount: 1,
        referenceImages: [
          { mimeType: 'image/png', bytes: 3, role: 'dish', name: 'dish.png' }
        ],
        promptLength: 12,
        negativePromptLength: 0
      }

      at Object.log [as info] (src/lib/logger.ts:18:28)

    console.log
      ≡ƒº¬ [Admin Gemini Image] Request {
        userId: 'a1',
        scenarioId: null,
        aspectRatio: '1:1',
        numberOfImages: 1,
        referenceMode: 'composite',
        referenceImageCount: 2,
        referenceImages: [
          { mimeType: 'image/png', bytes: 3, role: 'dish', name: 'dish.png' },
          {
            mimeType: 'image/jpeg',
            bytes: 3,
            role: 'scene',
            name: 'table.jpg'
          }
        ],
        promptLength: 55,
        negativePromptLength: 0
      }

      at Object.log [as info] (src/lib/logger.ts:18:28)

FAIL src/__tests__/unit/ux-client-flow-shell.test.tsx
  ΓùÅ ClientFlowShell (single-page workflow shell) ΓÇ║ derives current step from pathname and renders UXProgressSteps

    expect(jest.fn()).toHaveBeenCalledWith(...expected)

    Expected: ObjectContaining {"currentStep": "extract", "menuId": "test-menu"}

    Number of calls: 0

      49 |     )
      50 |
    > 51 |     expect(mockUXProgressSteps).toHaveBeenCalledWith(
         |                                 ^
      52 |       expect.objectContaining({
      53 |         currentStep: 'extract',
      54 |         menuId: 'test-menu',

      at Object.toHaveBeenCalledWith (src/__tests__/unit/ux-client-flow-shell.test.tsx:51:33)

  ΓùÅ ClientFlowShell (single-page workflow shell) ΓÇ║ falls back to upload step for unknown path segment

    expect(jest.fn()).toHaveBeenCalledWith(...expected)

    Expected: ObjectContaining {"currentStep": "upload"}

    Number of calls: 0

      68 |     )
      69 |
    > 70 |     expect(mockUXProgressSteps).toHaveBeenCalledWith(
         |                                 ^
      71 |       expect.objectContaining({
      72 |         currentStep: 'upload',
      73 |       }),

      at Object.toHaveBeenCalledWith (src/__tests__/unit/ux-client-flow-shell.test.tsx:70:33)

PASS ./debug-simple-height.test.ts
  ΓùÅ Console

    console.log
      Generated layout successfully

      at Object.log (debug-simple-height.test.ts:85:15)

    console.log
      Pages: 1

      at Object.log (debug-simple-height.test.ts:86:15)

    console.log
      
      Page 0:

      at Object.log (debug-simple-height.test.ts:89:17)

    console.log
      Body region height: 659.5300000000001

      at Object.log (debug-simple-height.test.ts:90:17)

    console.log
      Tiles:

      at Object.log (debug-simple-height.test.ts:92:17)

    console.log
        section-header-sec-1: y=0, height=70, bottom=70

      at Object.log (debug-simple-height.test.ts:96:21)

    console.log
        item-item-1: y=78, height=148, bottom=226

      at Object.log (debug-simple-height.test.ts:96:21)

    console.log
        item-item-2: y=78, height=148, bottom=226

      at Object.log (debug-simple-height.test.ts:96:21)

    console.log
        item-item-3: y=78, height=148, bottom=226

      at Object.log (debug-simple-height.test.ts:96:21)

    console.log
        item-item-4: y=78, height=148, bottom=226

      at Object.log (debug-simple-height.test.ts:96:21)

    console.log
        section-header-sec-2: y=234, height=70, bottom=304

      at Object.log (debug-simple-height.test.ts:96:21)

    console.log
        item-item-5: y=312, height=148, bottom=460

      at Object.log (debug-simple-height.test.ts:96:21)

PASS src/lib/templates/v2/__tests__/template-loader-v2.test.ts
PASS src/lib/extraction/__tests__/error-handler.test.ts
PASS src/lib/__tests__/variations-integration.test.ts
PASS src/app/api/extraction/__tests__/feedback.test.ts
PASS ./debug-failing-case.test.ts
  ΓùÅ Console

    console.log
      Generated layout successfully

      at Object.log (debug-failing-case.test.ts:66:15)

    console.log
      Pages: 1

      at Object.log (debug-failing-case.test.ts:67:15)

    console.log
      
      Page 0:

      at Object.log (debug-failing-case.test.ts:70:17)

    console.log
      Regions:

      at Object.log (debug-failing-case.test.ts:71:17)

    console.log
        header: width=544.26, height=60

      at Object.log (debug-failing-case.test.ts:73:19)

    console.log
        title: width=544.26, height=32

      at Object.log (debug-failing-case.test.ts:73:19)

    console.log
        body: width=544.26, height=659.5300000000001

      at Object.log (debug-failing-case.test.ts:73:19)

    console.log
        footer: width=544.26, height=45

      at Object.log (debug-failing-case.test.ts:73:19)

    console.log
      Tiles:

      at Object.log (debug-failing-case.test.ts:76:17)

    console.log
        logo-00000000-0000-1000-8000-000000000000: x=0, y=0, width=544.26, height=60, region=header

      at Object.log (debug-failing-case.test.ts:78:19)

    console.log
          Right edge: 544.26 (region width: 544.26)

      at Object.log (debug-failing-case.test.ts:84:21)

    console.log
          Bottom edge: 60 (region height: 60)

      at Object.log (debug-failing-case.test.ts:85:21)

    console.log
        title-00000000-0000-1000-8000-000000000000: x=0, y=0, width=544.26, height=32, region=title

      at Object.log (debug-failing-case.test.ts:78:19)

    console.log
          Right edge: 544.26 (region width: 544.26)

      at Object.log (debug-failing-case.test.ts:84:21)

    console.log
          Bottom edge: 32 (region height: 32)

      at Object.log (debug-failing-case.test.ts:85:21)

    console.log
        section-header-00000000-0000-1000-8000-000000000000: x=0, y=0, width=544.26, height=70, region=body

      at Object.log (debug-failing-case.test.ts:78:19)

    console.log
          Right edge: 544.26 (region width: 544.26)

      at Object.log (debug-failing-case.test.ts:84:21)

    console.log
          Bottom edge: 70 (region height: 659.5300000000001)

      at Object.log (debug-failing-case.test.ts:85:21)

    console.log
        item-00000000-0000-1000-8000-000000000000: x=0, y=78, width=130.065, height=148, region=body

      at Object.log (debug-failing-case.test.ts:78:19)

    console.log
          Right edge: 130.065 (region width: 544.26)

      at Object.log (debug-failing-case.test.ts:84:21)

    console.log
          Bottom edge: 226 (region height: 659.5300000000001)

      at Object.log (debug-failing-case.test.ts:85:21)

    console.log
        section-header-00000000-0000-1000-8000-000000000000: x=0, y=234, width=544.26, height=70, region=body

      at Object.log (debug-failing-case.test.ts:78:19)

    console.log
          Right edge: 544.26 (region width: 544.26)

      at Object.log (debug-failing-case.test.ts:84:21)

    console.log
          Bottom edge: 304 (region height: 659.5300000000001)

      at Object.log (debug-failing-case.test.ts:85:21)

    console.log
        item-00000000-0000-1000-8000-000000000000: x=207.0975, y=312, width=130.065, height=148, region=body

      at Object.log (debug-failing-case.test.ts:78:19)

    console.log
          Right edge: 337.1625 (region width: 544.26)

      at Object.log (debug-failing-case.test.ts:84:21)

    console.log
          Bottom edge: 460 (region height: 659.5300000000001)

      at Object.log (debug-failing-case.test.ts:85:21)

PASS src/lib/templates/v2/__tests__/tile-placer.test.ts
PASS src/__tests__/middleware.test.ts
  ΓùÅ Console

    console.warn
      [security] CSRF check failed {
        path: '/api/menus',
        method: 'POST',
        origin: 'https://evil.com',
        referer: null
      }

      113 |       // Suspicious usage logging
      114 |       // eslint-disable-next-line no-console
    > 115 |       console.warn('[security] CSRF check failed', {
          |               ^
      116 |         path: pathname,
      117 |         method: req.method,
      118 |         origin: req.headers.get('origin') || null,

      at warn (src/middleware.ts:115:15)
      at runMiddleware (src/__tests__/middleware.test.ts:43:20)
      at Object.runMiddleware (src/__tests__/middleware.test.ts:59:17)

    console.warn
      [security] Rate limit exceeded { path: '/api/extraction/submit', ip: '1.2.3.4' }

      132 |       if (!applyRateLimit(key, rule)) {
      133 |         // eslint-disable-next-line no-console
    > 134 |         console.warn('[security] Rate limit exceeded', { path: pathname, ip })
          |                 ^
      135 |         return applySecurityHeaders(
      136 |           NextResponse.json({ error: 'Too many requests' }, { status: 429 }),
      137 |         )

      at warn (src/middleware.ts:134:17)
      at runMiddleware (src/__tests__/middleware.test.ts:43:20)
      at Object.runMiddleware (src/__tests__/middleware.test.ts:77:21)

PASS src/lib/__tests__/batch-generation.test.ts
PASS src/lib/extraction/__tests__/set-menu-normalization.test.ts
PASS src/lib/templates/__tests__/next-image-config.test.ts
  ΓùÅ Console

    console.error
      Error: Not implemented: HTMLCanvasElement.prototype.toDataURL (without installing the canvas npm package)
          at module.exports (C:\Users\Leon 
Clements\OneDrive\Kiro\node_modules\jsdom\lib\jsdom\browser\not-implemented.js:9:17)
          at HTMLCanvasElementImpl.toDataURL (C:\Users\Leon 
Clements\OneDrive\Kiro\node_modules\jsdom\lib\jsdom\living\nodes\HTMLCanvasElement-impl.js:55:5)
          at HTMLCanvasElement.toDataURL (C:\Users\Leon 
Clements\OneDrive\Kiro\node_modules\jsdom\lib\jsdom\living\generated\HTMLCanvasElement.js:162:34)
          at toDataURL (C:\Users\Leon Clements\OneDrive\Kiro\src\lib\templates\next-image-config.ts:268:28)
          at supportsWebP (C:\Users\Leon Clements\OneDrive\Kiro\src\lib\templates\next-image-config.ts:283:10)
          at Object.<anonymous> (C:\Users\Leon 
Clements\OneDrive\Kiro\src\lib\templates\__tests__\next-image-config.test.ts:170:40)
          at Promise.then.completed (C:\Users\Leon 
Clements\OneDrive\Kiro\node_modules\jest-circus\build\utils.js:298:28)
          at new Promise (<anonymous>)
          at callAsyncCircusFn (C:\Users\Leon Clements\OneDrive\Kiro\node_modules\jest-circus\build\utils.js:231:10)
          at _callCircusTest (C:\Users\Leon Clements\OneDrive\Kiro\node_modules\jest-circus\build\run.js:316:40)
          at processTicksAndRejections (node:internal/process/task_queues:105:5)
          at _runTest (C:\Users\Leon Clements\OneDrive\Kiro\node_modules\jest-circus\build\run.js:252:3)
          at _runTestsForDescribeBlock (C:\Users\Leon 
Clements\OneDrive\Kiro\node_modules\jest-circus\build\run.js:126:9)
          at _runTestsForDescribeBlock (C:\Users\Leon 
Clements\OneDrive\Kiro\node_modules\jest-circus\build\run.js:121:9)
          at _runTestsForDescribeBlock (C:\Users\Leon 
Clements\OneDrive\Kiro\node_modules\jest-circus\build\run.js:121:9)
          at run (C:\Users\Leon Clements\OneDrive\Kiro\node_modules\jest-circus\build\run.js:71:3)
          at runAndTransformResultsToJestFormat (C:\Users\Leon 
Clements\OneDrive\Kiro\node_modules\jest-circus\build\legacy-code-todo-rewrite\jestAdapterInit.js:122:21)
          at jestAdapter (C:\Users\Leon 
Clements\OneDrive\Kiro\node_modules\jest-circus\build\legacy-code-todo-rewrite\jestAdapter.js:79:19)
          at runTestInternal (C:\Users\Leon Clements\OneDrive\Kiro\node_modules\jest-runner\build\runTest.js:367:16)
          at runTest (C:\Users\Leon Clements\OneDrive\Kiro\node_modules\jest-runner\build\runTest.js:444:34)
          at Object.worker (C:\Users\Leon Clements\OneDrive\Kiro\node_modules\jest-runner\build\testWorker.js:106:12) {
        type: 'not implemented'
      }

      266 |   }
      267 |   try {
    > 268 |     const dataUrl = canvas.toDataURL('image/webp')
          |                            ^
      269 |     return typeof dataUrl === 'string' && dataUrl.indexOf('data:image/webp') === 0
      270 |   } catch {
      271 |     return false

      at VirtualConsole.<anonymous> (node_modules/jest-environment-jsdom/build/index.js:63:23)
      at module.exports (node_modules/jsdom/lib/jsdom/browser/not-implemented.js:12:26)
      at HTMLCanvasElementImpl.toDataURL (node_modules/jsdom/lib/jsdom/living/nodes/HTMLCanvasElement-impl.js:55:5)
      at HTMLCanvasElement.toDataURL (node_modules/jsdom/lib/jsdom/living/generated/HTMLCanvasElement.js:162:34)
      at toDataURL (src/lib/templates/next-image-config.ts:268:28)
      at supportsWebP (src/lib/templates/next-image-config.ts:283:10)
      at Object.<anonymous> (src/lib/templates/__tests__/next-image-config.test.ts:170:40)

PASS src/__tests__/unit/filler-collision.test.ts
PASS src/lib/extraction/__tests__/job-queue.test.ts
  ΓùÅ Console

    console.log
      Returning cached result for image hash: abc123

      at JobQueueManager.log [as submitJob] (src/lib/extraction/job-queue.ts:67:19)

PASS src/lib/extraction/__tests__/prompt-stage1.test.ts
PASS src/__tests__/unit/layout-selector.test.ts
PASS src/lib/templates/__tests__/engine-selector.test.ts
PASS src/lib/extraction/__tests__/metrics-collector.test.ts
  ΓùÅ Console

    console.error
      Error tracking extraction metrics: Error: Database error
          at Object.<anonymous> (C:\Users\Leon 
Clements\OneDrive\Kiro\src\lib\extraction\__tests__\metrics-collector.test.ts:133:16)
          at Promise.then.completed (C:\Users\Leon 
Clements\OneDrive\Kiro\node_modules\jest-circus\build\utils.js:298:28)
          at new Promise (<anonymous>)
          at callAsyncCircusFn (C:\Users\Leon Clements\OneDrive\Kiro\node_modules\jest-circus\build\utils.js:231:10)
          at _callCircusTest (C:\Users\Leon Clements\OneDrive\Kiro\node_modules\jest-circus\build\run.js:316:40)
          at processTicksAndRejections (node:internal/process/task_queues:105:5)
          at _runTest (C:\Users\Leon Clements\OneDrive\Kiro\node_modules\jest-circus\build\run.js:252:3)
          at _runTestsForDescribeBlock (C:\Users\Leon 
Clements\OneDrive\Kiro\node_modules\jest-circus\build\run.js:126:9)
          at _runTestsForDescribeBlock (C:\Users\Leon 
Clements\OneDrive\Kiro\node_modules\jest-circus\build\run.js:121:9)
          at _runTestsForDescribeBlock (C:\Users\Leon 
Clements\OneDrive\Kiro\node_modules\jest-circus\build\run.js:121:9)
          at run (C:\Users\Leon Clements\OneDrive\Kiro\node_modules\jest-circus\build\run.js:71:3)
          at runAndTransformResultsToJestFormat (C:\Users\Leon 
Clements\OneDrive\Kiro\node_modules\jest-circus\build\legacy-code-todo-rewrite\jestAdapterInit.js:122:21)
          at jestAdapter (C:\Users\Leon 
Clements\OneDrive\Kiro\node_modules\jest-circus\build\legacy-code-todo-rewrite\jestAdapter.js:79:19)
          at runTestInternal (C:\Users\Leon Clements\OneDrive\Kiro\node_modules\jest-runner\build\runTest.js:367:16)
          at runTest (C:\Users\Leon Clements\OneDrive\Kiro\node_modules\jest-runner\build\runTest.js:444:34)
          at Object.worker (C:\Users\Leon Clements\OneDrive\Kiro\node_modules\jest-runner\build\testWorker.js:106:12)

      118 |
      119 |       if (error) {
    > 120 |         console.error('Error tracking extraction metrics:', error)
          |                 ^
      121 |       }
      122 |     } catch (error) {
      123 |       console.error('Failed to track extraction:', error)

      at MetricsCollector.error [as trackExtraction] (src/lib/extraction/metrics-collector.ts:120:17)
      at Object.<anonymous> (src/lib/extraction/__tests__/metrics-collector.test.ts:137:7)

PASS src/lib/templates/__tests__/compatibility-checker.test.ts
PASS src/lib/templates/__tests__/template-definitions.test.ts
PASS src/lib/templates/v2/__tests__/renderer-pdf-v2.test.ts
PASS src/lib/__tests__/retry.test.ts
PASS src/lib/__tests__/public-menu.test.ts
PASS src/__tests__/unit/ux-progress.test.ts
PASS src/__tests__/api-admin-prompt-presets.test.ts
PASS src/lib/templates/__tests__/layout-cache.test.ts
PASS src/lib/templates/v2/__tests__/filler-manager-v2.test.ts
PASS src/lib/extraction/__tests__/schema-validator.test.ts
PASS src/lib/__tests__/menu-data-migration-ids.test.ts
PASS src/__tests__/unit/schema-stage2.test.ts
PASS src/lib/extraction/__tests__/prompt-stage2.test.ts
PASS src/lib/extraction/__tests__/cost-monitor.test.ts
  ΓùÅ Console

    console.warn
      [COST ALERT] CRITICAL: Global monthly spending at 95% of cap {
        type: 'global',
        metric: 'monthly',
        current: 950,
        cap: 1000,
        percentage: 95
      }

      278 |     for (const alert of alerts) {
      279 |       // Log alert
    > 280 |       console.warn(`[COST ALERT] ${alert.severity.toUpperCase()}:`, alert.message, {
          |               ^
      281 |         type: alert.type,
      282 |         metric: alert.metric,
      283 |         current: alert.current,

      at CostMonitor.warn [as processAlerts] (src/lib/extraction/cost-monitor.ts:280:15)
      at Object.processAlerts (src/lib/extraction/__tests__/cost-monitor.test.ts:268:25)

    console.log
      Spending caps updated: {
        dailyCapPerUser: 2,
        monthlyCapPerUser: 20,
        dailyCapGlobal: 100,
        monthlyCapGlobal: 1000
      }

      at CostMonitor.log [as updateSpendingCaps] (src/lib/extraction/cost-monitor.ts:336:13)

PASS ./debug-height-issue.test.ts
  ΓùÅ Console

    console.log
      Generated layout successfully

      at Object.log (debug-height-issue.test.ts:57:15)

    console.log
      Number of pages: 2

      at Object.log (debug-height-issue.test.ts:58:15)

    console.log
      
      Page 0:

      at Object.log (debug-height-issue.test.ts:61:17)

    console.log
      Body region height: 659.5300000000001

      at Object.log (debug-height-issue.test.ts:63:17)

    console.log
      
      Page 1:

      at Object.log (debug-height-issue.test.ts:61:17)

    console.log
      Body region height: 659.5300000000001

      at Object.log (debug-height-issue.test.ts:63:17)

PASS src/__tests__/unit/grid-generator.test.ts
PASS src/lib/__tests__/qr.test.ts
PASS src/lib/__tests__/menu-data-migration.test.ts
PASS src/lib/templates/v2/__tests__/region-calculator.test.ts
PASS src/__tests__/prompt-helper.test.ts
PASS src/lib/__tests__/image-utils.test.ts
PASS src/__tests__/unit/consent-and-analytics.test.ts
PASS src/lib/__tests__/quota-management.test.ts
PASS src/__tests__/integration/extraction-stage2-regression.test.ts
PASS src/__tests__/accessibility/wcag-compliance.test.ts
PASS src/lib/templates/v2/__tests__/collision-reproduction.test.ts
PASS src/__tests__/unit/variant-modifier-parsing.test.ts
PASS src/lib/__tests__/onboarding.test.ts
PASS src/lib/extraction/__tests__/regression-tests.ts
PASS src/lib/templates/v2/__tests__/invariant-validator.test.ts
PASS src/__tests__/unit/conversion-tracking.test.ts
PASS src/lib/__tests__/ai-parser.test.ts
PASS src/lib/templates/__tests__/filler-tiles.test.ts
PASS src/__tests__/e2e/critical-journeys.test.ts
PASS src/__tests__/prompt-presets.test.ts
PASS src/lib/__tests__/security.test.ts
PASS src/lib/__tests__/menu-deletion.test.ts
PASS src/__tests__/performance/menu-loading.test.ts (66.965 s)
